Archive member included to satisfy reference by file (symbol)

/Applications/STM32CubeIDE.app/Contents/Eclipse/plugins/com.st.stm32cube.ide.mcu.externaltools.gnu-tools-for-stm32.13.3.rel1.macos64_1.0.0.202411102158/tools/bin/../lib/gcc/arm-none-eabi/13.3.1/../../../../arm-none-eabi/lib/thumb/v7e-m+dp/hard/libc_nano.a(libc_a-exit.o)
                              /Applications/STM32CubeIDE.app/Contents/Eclipse/plugins/com.st.stm32cube.ide.mcu.externaltools.gnu-tools-for-stm32.13.3.rel1.macos64_1.0.0.202411102158/tools/bin/../lib/gcc/arm-none-eabi/13.3.1/../../../../arm-none-eabi/lib/thumb/v7e-m+dp/hard/crt0.o (exit)
/Applications/STM32CubeIDE.app/Contents/Eclipse/plugins/com.st.stm32cube.ide.mcu.externaltools.gnu-tools-for-stm32.13.3.rel1.macos64_1.0.0.202411102158/tools/bin/../lib/gcc/arm-none-eabi/13.3.1/../../../../arm-none-eabi/lib/thumb/v7e-m+dp/hard/libc_nano.a(libc_a-findfp.o)
                              /Applications/STM32CubeIDE.app/Contents/Eclipse/plugins/com.st.stm32cube.ide.mcu.externaltools.gnu-tools-for-stm32.13.3.rel1.macos64_1.0.0.202411102158/tools/bin/../lib/gcc/arm-none-eabi/13.3.1/../../../../arm-none-eabi/lib/thumb/v7e-m+dp/hard/libc_nano.a(libc_a-exit.o) (__stdio_exit_handler)
/Applications/STM32CubeIDE.app/Contents/Eclipse/plugins/com.st.stm32cube.ide.mcu.externaltools.gnu-tools-for-stm32.13.3.rel1.macos64_1.0.0.202411102158/tools/bin/../lib/gcc/arm-none-eabi/13.3.1/../../../../arm-none-eabi/lib/thumb/v7e-m+dp/hard/libc_nano.a(libc_a-fwalk.o)
                              /Applications/STM32CubeIDE.app/Contents/Eclipse/plugins/com.st.stm32cube.ide.mcu.externaltools.gnu-tools-for-stm32.13.3.rel1.macos64_1.0.0.202411102158/tools/bin/../lib/gcc/arm-none-eabi/13.3.1/../../../../arm-none-eabi/lib/thumb/v7e-m+dp/hard/libc_nano.a(libc_a-findfp.o) (_fwalk_sglue)
/Applications/STM32CubeIDE.app/Contents/Eclipse/plugins/com.st.stm32cube.ide.mcu.externaltools.gnu-tools-for-stm32.13.3.rel1.macos64_1.0.0.202411102158/tools/bin/../lib/gcc/arm-none-eabi/13.3.1/../../../../arm-none-eabi/lib/thumb/v7e-m+dp/hard/libc_nano.a(libc_a-memset.o)
                              /Applications/STM32CubeIDE.app/Contents/Eclipse/plugins/com.st.stm32cube.ide.mcu.externaltools.gnu-tools-for-stm32.13.3.rel1.macos64_1.0.0.202411102158/tools/bin/../lib/gcc/arm-none-eabi/13.3.1/../../../../arm-none-eabi/lib/thumb/v7e-m+dp/hard/crt0.o (memset)
/Applications/STM32CubeIDE.app/Contents/Eclipse/plugins/com.st.stm32cube.ide.mcu.externaltools.gnu-tools-for-stm32.13.3.rel1.macos64_1.0.0.202411102158/tools/bin/../lib/gcc/arm-none-eabi/13.3.1/../../../../arm-none-eabi/lib/thumb/v7e-m+dp/hard/libc_nano.a(libc_a-errno.o)
                              ./Core/Src/syscalls.o (__errno)
/Applications/STM32CubeIDE.app/Contents/Eclipse/plugins/com.st.stm32cube.ide.mcu.externaltools.gnu-tools-for-stm32.13.3.rel1.macos64_1.0.0.202411102158/tools/bin/../lib/gcc/arm-none-eabi/13.3.1/../../../../arm-none-eabi/lib/thumb/v7e-m+dp/hard/libc_nano.a(libc_a-init.o)
                              /Applications/STM32CubeIDE.app/Contents/Eclipse/plugins/com.st.stm32cube.ide.mcu.externaltools.gnu-tools-for-stm32.13.3.rel1.macos64_1.0.0.202411102158/tools/bin/../lib/gcc/arm-none-eabi/13.3.1/../../../../arm-none-eabi/lib/thumb/v7e-m+dp/hard/crt0.o (__libc_init_array)
/Applications/STM32CubeIDE.app/Contents/Eclipse/plugins/com.st.stm32cube.ide.mcu.externaltools.gnu-tools-for-stm32.13.3.rel1.macos64_1.0.0.202411102158/tools/bin/../lib/gcc/arm-none-eabi/13.3.1/../../../../arm-none-eabi/lib/thumb/v7e-m+dp/hard/libc_nano.a(libc_a-lock.o)
                              /Applications/STM32CubeIDE.app/Contents/Eclipse/plugins/com.st.stm32cube.ide.mcu.externaltools.gnu-tools-for-stm32.13.3.rel1.macos64_1.0.0.202411102158/tools/bin/../lib/gcc/arm-none-eabi/13.3.1/../../../../arm-none-eabi/lib/thumb/v7e-m+dp/hard/libc_nano.a(libc_a-findfp.o) (__retarget_lock_init_recursive)
/Applications/STM32CubeIDE.app/Contents/Eclipse/plugins/com.st.stm32cube.ide.mcu.externaltools.gnu-tools-for-stm32.13.3.rel1.macos64_1.0.0.202411102158/tools/bin/../lib/gcc/arm-none-eabi/13.3.1/../../../../arm-none-eabi/lib/thumb/v7e-m+dp/hard/libc_nano.a(libc_a-impure.o)
                              /Applications/STM32CubeIDE.app/Contents/Eclipse/plugins/com.st.stm32cube.ide.mcu.externaltools.gnu-tools-for-stm32.13.3.rel1.macos64_1.0.0.202411102158/tools/bin/../lib/gcc/arm-none-eabi/13.3.1/../../../../arm-none-eabi/lib/thumb/v7e-m+dp/hard/libc_nano.a(libc_a-errno.o) (_impure_ptr)
/Applications/STM32CubeIDE.app/Contents/Eclipse/plugins/com.st.stm32cube.ide.mcu.externaltools.gnu-tools-for-stm32.13.3.rel1.macos64_1.0.0.202411102158/tools/bin/../lib/gcc/arm-none-eabi/13.3.1/../../../../arm-none-eabi/lib/thumb/v7e-m+dp/hard/libc_nano.a(libc_a-mallocr.o)
[...]
Memory Configuration

Name             Origin             Length             Attributes
ITCMRAM          0x00000000         0x00010000         xrw
DTCMRAM          0x20000000         0x00020000         xrw
FLASH            0x08000000         0x00100000         xr
RAM_D1           0x24000000         0x00050000         xrw
RAM_D2           0x30000000         0x00008000         xrw
RAM_D3           0x38000000         0x00004000         xrw
*default*        0x00000000         0xffffffff

Linker script and memory map

LOAD /Applications/STM32CubeIDE.app/Contents/Eclipse/plugins/com.st.stm32cube.ide.mcu.externaltools.gnu-tools-for-stm32.13.3.rel1.macos64_1.0.0.202411102158/tools/bin/../lib/gcc/arm-none-eabi/13.3.1/thumb/v7e-m+dp/hard/crti.o
LOAD /Applications/STM32CubeIDE.app/Contents/Eclipse/plugins/com.st.stm32cube.ide.mcu.externaltools.gnu-tools-for-stm32.13.3.rel1.macos64_1.0.0.202411102158/tools/bin/../lib/gcc/arm-none-eabi/13.3.1/thumb/v7e-m+dp/hard/crtbegin.o
LOAD /Applications/STM32CubeIDE.app/Contents/Eclipse/plugins/com.st.stm32cube.ide.mcu.externaltools.gnu-tools-for-stm32.13.3.rel1.macos64_1.0.0.202411102158/tools/bin/../lib/gcc/arm-none-eabi/13.3.1/../../../../arm-none-eabi/lib/thumb/v7e-m+dp/hard/crt0.o
LOAD ./Core/Src/feedback.o
LOAD ./Core/Src/main.o
LOAD ./Core/Src/stm32h7xx_hal_msp.o
LOAD ./Core/Src/stm32h7xx_it.o
LOAD ./Core/Src/syscalls.o
LOAD ./Core/Src/sysmem.o
LOAD ./Core/Src/system_stm32h7xx.o
LOAD ./Core/Startup/startup_stm32h723vgtx.o
LOAD ./Drivers/STM32H7xx_HAL_Driver/Src/stm32h7xx_hal.o
LOAD ./Drivers/STM32H7xx_HAL_Driver/Src/stm32h7xx_hal_adc.o
LOAD ./Drivers/STM32H7xx_HAL_Driver/Src/stm32h7xx_hal_adc_ex.o
LOAD ./Drivers/STM32H7xx_HAL_Driver/Src/stm32h7xx_hal_cortex.o
LOAD ./Drivers/STM32H7xx_HAL_Driver/Src/stm32h7xx_hal_dma.o
LOAD ./Drivers/STM32H7xx_HAL_Driver/Src/stm32h7xx_hal_dma_ex.o
LOAD ./Drivers/STM32H7xx_HAL_Driver/Src/stm32h7xx_hal_exti.o
LOAD ./Drivers/STM32H7xx_HAL_Driver/Src/stm32h7xx_hal_flash.o
LOAD ./Drivers/STM32H7xx_HAL_Driver/Src/stm32h7xx_hal_flash_ex.o
LOAD ./Drivers/STM32H7xx_HAL_Driver/Src/stm32h7xx_hal_gpio.o
LOAD ./Drivers/STM32H7xx_HAL_Driver/Src/stm32h7xx_hal_hsem.o
LOAD ./Drivers/STM32H7xx_HAL_Driver/Src/stm32h7xx_hal_i2c.o
LOAD ./Drivers/STM32H7xx_HAL_Driver/Src/stm32h7xx_hal_i2c_ex.o
LOAD ./Drivers/STM32H7xx_HAL_Driver/Src/stm32h7xx_hal_mdma.o
LOAD ./Drivers/STM32H7xx_HAL_Driver/Src/stm32h7xx_hal_mmc.o
LOAD ./Drivers/STM32H7xx_HAL_Driver/Src/stm32h7xx_hal_mmc_ex.o
LOAD ./Drivers/STM32H7xx_HAL_Driver/Src/stm32h7xx_hal_pcd.o
LOAD ./Drivers/STM32H7xx_HAL_Driver/Src/stm32h7xx_hal_pcd_ex.o
LOAD ./Drivers/STM32H7xx_HAL_Driver/Src/stm32h7xx_hal_pwr.o
LOAD ./Drivers/STM32H7xx_HAL_Driver/Src/stm32h7xx_hal_pwr_ex.o
LOAD ./Drivers/STM32H7xx_HAL_Driver/Src/stm32h7xx_hal_rcc.o
LOAD ./Drivers/STM32H7xx_HAL_Driver/Src/stm32h7xx_hal_rcc_ex.o
LOAD ./Drivers/STM32H7xx_HAL_Driver/Src/stm32h7xx_hal_sd.o
LOAD ./Drivers/STM32H7xx_HAL_Driver/Src/stm32h7xx_hal_sd_ex.o
LOAD ./Drivers/STM32H7xx_HAL_Driver/Src/stm32h7xx_hal_spi.o
LOAD ./Drivers/STM32H7xx_HAL_Driver/Src/stm32h7xx_hal_spi_ex.o
LOAD ./Drivers/STM32H7xx_HAL_Driver/Src/stm32h7xx_hal_tim.o
LOAD ./Drivers/STM32H7xx_HAL_Driver/Src/stm32h7xx_hal_tim_ex.o
LOAD ./Drivers/STM32H7xx_HAL_Driver/Src/stm32h7xx_hal_uart.o
LOAD ./Drivers/STM32H7xx_HAL_Driver/Src/stm32h7xx_hal_uart_ex.o
LOAD ./Drivers/STM32H7xx_HAL_Driver/Src/stm32h7xx_ll_delayblock.o
LOAD ./Drivers/STM32H7xx_HAL_Driver/Src/stm32h7xx_ll_sdmmc.o
LOAD ./Drivers/STM32H7xx_HAL_Driver/Src/stm32h7xx_ll_usb.o
LOAD ./FATFS/App/fatfs.o
LOAD ./FATFS/Target/bsp_driver_sd.o
LOAD ./FATFS/Target/fatfs_platform.o
LOAD ./FATFS/Target/sd_diskio.o
LOAD ./Middlewares/Third_Party/FatFs/src/diskio.o
LOAD ./Middlewares/Third_Party/FatFs/src/ff.o
LOAD ./Middlewares/Third_Party/FatFs/src/ff_gen_drv.o
LOAD ./Middlewares/Third_Party/FatFs/src/option/syscall.o
START GROUP
LOAD /Applications/STM32CubeIDE.app/Contents/Eclipse/plugins/com.st.stm32cube.ide.mcu.externaltools.gnu-tools-for-stm32.13.3.rel1.macos64_1.0.0.202411102158/tools/bin/../lib/gcc/arm-none-eabi/13.3.1/../../../../arm-none-eabi/lib/thumb/v7e-m+dp/hard/libc_nano.a
LOAD /Applications/STM32CubeIDE.app/Contents/Eclipse/plugins/com.st.stm32cube.ide.mcu.externaltools.gnu-tools-for-stm32.13.3.rel1.macos64_1.0.0.202411102158/tools/bin/../lib/gcc/arm-none-eabi/13.3.1/../../../../arm-none-eabi/lib/thumb/v7e-m+dp/hard/libm.a
END GROUP
START GROUP
LOAD /Applications/STM32CubeIDE.app/Contents/Eclipse/plugins/com.st.stm32cube.ide.mcu.externaltools.gnu-tools-for-stm32.13.3.rel1.macos64_1.0.0.202411102158/tools/bin/../lib/gcc/arm-none-eabi/13.3.1/thumb/v7e-m+dp/hard/libgcc.a
LOAD /Applications/STM32CubeIDE.app/Contents/Eclipse/plugins/com.st.stm32cube.ide.mcu.externaltools.gnu-tools-for-stm32.13.3.rel1.macos64_1.0.0.202411102158/tools/bin/../lib/gcc/arm-none-eabi/13.3.1/../../../../arm-none-eabi/lib/thumb/v7e-m+dp/hard/libc_nano.a
END GROUP
START GROUP
LOAD /Applications/STM32CubeIDE.app/Contents/Eclipse/plugins/com.st.stm32cube.ide.mcu.externaltools.gnu-tools-for-stm32.13.3.rel1.macos64_1.0.0.202411102158/tools/bin/../lib/gcc/arm-none-eabi/13.3.1/thumb/v7e-m+dp/hard/libgcc.a
LOAD /Applications/STM32CubeIDE.app/Contents/Eclipse/plugins/com.st.stm32cube.ide.mcu.externaltools.gnu-tools-for-stm32.13.3.rel1.macos64_1.0.0.202411102158/tools/bin/../lib/gcc/arm-none-eabi/13.3.1/../../../../arm-none-eabi/lib/thumb/v7e-m+dp/hard/libc_nano.a
LOAD /Applications/STM32CubeIDE.app/Contents/Eclipse/plugins/com.st.stm32cube.ide.mcu.externaltools.gnu-tools-for-stm32.13.3.rel1.macos64_1.0.0.202411102158/tools/bin/../lib/gcc/arm-none-eabi/13.3.1/../../../../arm-none-eabi/lib/thumb/v7e-m+dp/hard/libnosys.a
END GROUP
START GROUP
LOAD /Applications/STM32CubeIDE.app/Contents/Eclipse/plugins/com.st.stm32cube.ide.mcu.externaltools.gnu-tools-for-stm32.13.3.rel1.macos64_1.0.0.202411102158/tools/bin/../lib/gcc/arm-none-eabi/13.3.1/thumb/v7e-m+dp/hard/libgcc.a
LOAD /Applications/STM32CubeIDE.app/Contents/Eclipse/plugins/com.st.stm32cube.ide.mcu.externaltools.gnu-tools-for-stm32.13.3.rel1.macos64_1.0.0.202411102158/tools/bin/../lib/gcc/arm-none-eabi/13.3.1/../../../../arm-none-eabi/lib/thumb/v7e-m+dp/hard/libc_nano.a
LOAD /Applications/STM32CubeIDE.app/Contents/Eclipse/plugins/com.st.stm32cube.ide.mcu.externaltools.gnu-tools-for-stm32.13.3.rel1.macos64_1.0.0.202411102158/tools/bin/../lib/gcc/arm-none-eabi/13.3.1/../../../../arm-none-eabi/lib/thumb/v7e-m+dp/hard/libnosys.a
END GROUP
LOAD /Applications/STM32CubeIDE.app/Contents/Eclipse/plugins/com.st.stm32cube.ide.mcu.externaltools.gnu-tools-for-stm32.13.3.rel1.macos64_1.0.0.202411102158/tools/bin/../lib/gcc/arm-none-eabi/13.3.1/thumb/v7e-m+dp/hard/crtend.o
LOAD /Applications/STM32CubeIDE.app/Contents/Eclipse/plugins/com.st.stm32cube.ide.mcu.externaltools.gnu-tools-for-stm32.13.3.rel1.macos64_1.0.0.202411102158/tools/bin/../lib/gcc/arm-none-eabi/13.3.1/thumb/v7e-m+dp/hard/crtn.o
                0x24050000                        _estack = (ORIGIN (RAM_D1) + LENGTH (RAM_D1))
                0x00000200                        _Min_Heap_Size = 0x200
                0x00000400                        _Min_Stack_Size = 0x400

.isr_vector     0x08000000      0x2cc
                0x08000000                        . = ALIGN (0x4)
 *(.isr_vector)
 .isr_vector    0x08000000      0x2cc ./Core/Startup/startup_stm32h723vgtx.o
                0x08000000                g_pfnVectors
                0x080002cc                        . = ALIGN (0x4)

.text           0x080002d0     0xcf98
                0x080002d0                        . = ALIGN (0x4)
 *(.text)
 .text          0x080002d0       0x40 /Applications/STM32CubeIDE.app/Contents/Eclipse/plugins/com.st.stm32cube.ide.mcu.externaltools.gnu-tools-for-stm32.13.3.rel1.macos64_1.0.0.202411102158/tools/bin/../lib/gcc/arm-none-eabi/13.3.1/thumb/v7e-m+dp/hard/crtbegin.o
 .text          0x08000310       0x30 /Applications/STM32CubeIDE.app/Contents/Eclipse/plugins/com.st.stm32cube.ide.mcu.externaltools.gnu-tools-for-stm32.13.3.rel1.macos64_1.0.0.202411102158/tools/bin/../lib/gcc/arm-none-eabi/13.3.1/thumb/v7e-m+dp/hard/libgcc.a(_aeabi_uldivmod.o)
                0x08000310                __aeabi_uldivmod
 .text          0x08000340      0x2f8 /Applications/STM32CubeIDE.app/Contents/Eclipse/plugins/com.st.stm32cube.ide.mcu.externaltools.gnu-tools-for-stm32.13.3.rel1.macos64_1.0.0.202411102158/tools/bin/../lib/gcc/arm-none-eabi/13.3.1/thumb/v7e-m+dp/hard/libgcc.a(_udivmoddi4.o)
                0x08000340                __udivmoddi4
 .text          0x08000638        0x4 /Applications/STM32CubeIDE.app/Contents/Eclipse/plugins/com.st.stm32cube.ide.mcu.externaltools.gnu-tools-for-stm32.13.3.rel1.macos64_1.0.0.202411102158/tools/bin/../lib/gcc/arm-none-eabi/13.3.1/thumb/v7e-m+dp/hard/libgcc.a(_dvmd_tls.o)
                0x08000638                __aeabi_ldiv0
                0x08000638                __aeabi_idiv0
 *(.text*)
 .text.Feedback_Init
                0x0800063c       0xb4 ./Core/Src/feedback.o
                0x0800063c                Feedback_Init
 .text.Feedback_Update
                0x080006f0       0x60 ./Core/Src/feedback.o
                0x080006f0                Feedback_Update
 .text.Feedback_SetColor
                0x08000750       0x54 ./Core/Src/feedback.o
                0x08000750                Feedback_SetColor
 .text.Feedback_PlaySound
                0x080007a4       0x44 ./Core/Src/feedback.o
                0x080007a4                Feedback_PlaySound
 .text.Feedback_StopSound
                0x080007e8       0x34 ./Core/Src/feedback.o
                0x080007e8                Feedback_StopSound
 .text.Feedback_TriggerPattern
                0x0800081c       0x44 ./Core/Src/feedback.o
                0x0800081c                Feedback_TriggerPattern
 .text.Feedback_StopPattern
                0x08000860       0x24 ./Core/Src/feedback.o
                0x08000860                Feedback_StopPattern
 .text.Feedback_ClampBrightness
                0x08000884       0x26 ./Core/Src/feedback.o
 *fill*         0x080008aa        0x2 
 .text.Feedback_ApplyRgb
                0x080008ac       0xb0 ./Core/Src/feedback.o
 .text.Feedback_GetColorRgb
                0x0800095c       0xe0 ./Core/Src/feedback.o
 .text.Feedback_SetBuzzerFrequency
                0x08000a3c       0x68 ./Core/Src/feedback.o
 .text.Feedback_ApplySoundStep
                0x08000aa4       0x7c ./Core/Src/feedback.o
 .text.Feedback_ApplyPatternStep
                0x08000b20       0xa4 ./Core/Src/feedback.o
 .text.Feedback_GetSoundSequence
                0x08000bc4       0x70 ./Core/Src/feedback.o
 .text.Feedback_GetPatternSequence
                0x08000c34       0x64 ./Core/Src/feedback.o
 .text.Feedback_TimeReached
                0x08000c98       0x26 ./Core/Src/feedback.o
 *fill*         0x08000cbe        0x2 
 .text.main     0x08000cc0      0x118 ./Core/Src/main.o
                0x08000cc0                main
 .text.SystemClock_Config
                0x08000dd8       0xe0 ./Core/Src/main.o
                0x08000dd8                SystemClock_Config
 .text.PeriphCommonClock_Config
                0x08000eb8       0x70 ./Core/Src/main.o
                0x08000eb8                PeriphCommonClock_Config
 .text.MX_ADC1_Init
                0x08000f28       0xf8 ./Core/Src/main.o
 .text.MX_I2C1_Init
                0x08001020       0x80 ./Core/Src/main.o
 .text.MX_I2C2_Init
                0x080010a0       0x80 ./Core/Src/main.o
 .text.MX_I2C3_Init
                0x08001120       0x80 ./Core/Src/main.o
 .text.MX_I2C4_Init
                0x080011a0       0x80 ./Core/Src/main.o
 .text.MX_I2C5_Init
                0x08001220       0x80 ./Core/Src/main.o
 .text.MX_SDMMC2_SD_Init
                0x080012a0       0x48 ./Core/Src/main.o
 .text.MX_SPI2_Init
                0x080012e8       0xac ./Core/Src/main.o
 .text.MX_TIM1_Init
                0x08001394      0x150 ./Core/Src/main.o
 .text.MX_TIM2_Init
                0x080014e4       0xb4 ./Core/Src/main.o
 .text.MX_TIM4_Init
                0x08001598       0xb4 ./Core/Src/main.o
 .text.MX_TIM17_Init
                0x0800164c       0xf4 ./Core/Src/main.o
 .text.MX_UART4_Init
                0x08001740       0x98 ./Core/Src/main.o
 .text.MX_USB_OTG_HS_PCD_Init
                0x080017d8       0x64 ./Core/Src/main.o
 .text.MX_GPIO_Init
                0x0800183c      0x128 ./Core/Src/main.o
 .text.Error_Handler
                0x08001964        0xc ./Core/Src/main.o
                0x08001964                Error_Handler
 .text.HAL_MspInit
                0x08001970       0x34 ./Core/Src/stm32h7xx_hal_msp.o
                0x08001970                HAL_MspInit
 .text.HAL_ADC_MspInit
                0x080019a4       0xc4 ./Core/Src/stm32h7xx_hal_msp.o
                0x080019a4                HAL_ADC_MspInit
 .text.HAL_I2C_MspInit
                0x08001a68      0x3dc ./Core/Src/stm32h7xx_hal_msp.o
                0x08001a68                HAL_I2C_MspInit
 .text.HAL_SD_MspInit
                0x08001e44      0x11c ./Core/Src/stm32h7xx_hal_msp.o
                0x08001e44                HAL_SD_MspInit
 .text.HAL_SPI_MspInit
                0x08001f60      0x120 ./Core/Src/stm32h7xx_hal_msp.o
                0x08001f60                HAL_SPI_MspInit
 .text.HAL_TIM_PWM_MspInit
                0x08002080       0x9c ./Core/Src/stm32h7xx_hal_msp.o
                0x08002080                HAL_TIM_PWM_MspInit
 .text.HAL_TIM_Base_MspInit
                0x0800211c       0x44 ./Core/Src/stm32h7xx_hal_msp.o
                0x0800211c                HAL_TIM_Base_MspInit
 .text.HAL_TIM_MspPostInit
                0x08002160      0x168 ./Core/Src/stm32h7xx_hal_msp.o
                0x08002160                HAL_TIM_MspPostInit
 .text.HAL_UART_MspInit
                0x080022c8       0x94 ./Core/Src/stm32h7xx_hal_msp.o
                0x080022c8                HAL_UART_MspInit
 .text.HAL_PCD_MspInit
                0x0800235c       0x7c ./Core/Src/stm32h7xx_hal_msp.o
                0x0800235c                HAL_PCD_MspInit
 .text.NMI_Handler
                0x080023d8        0x8 ./Core/Src/stm32h7xx_it.o
                0x080023d8                NMI_Handler
 .text.HardFault_Handler
                0x080023e0        0x8 ./Core/Src/stm32h7xx_it.o
                0x080023e0                HardFault_Handler
 .text.MemManage_Handler
                0x080023e8        0x8 ./Core/Src/stm32h7xx_it.o
                0x080023e8                MemManage_Handler
 .text.BusFault_Handler
                0x080023f0        0x8 ./Core/Src/stm32h7xx_it.o
                0x080023f0                BusFault_Handler
 .text.UsageFault_Handler
                0x080023f8        0x8 ./Core/Src/stm32h7xx_it.o
                0x080023f8                UsageFault_Handler
 .text.SVC_Handler
                0x08002400        0xe ./Core/Src/stm32h7xx_it.o
                0x08002400                SVC_Handler
 .text.DebugMon_Handler
                0x0800240e        0xe ./Core/Src/stm32h7xx_it.o
                0x0800240e                DebugMon_Handler
 .text.PendSV_Handler
                0x0800241c        0xe ./Core/Src/stm32h7xx_it.o
                0x0800241c                PendSV_Handler
 .text.SysTick_Handler
                0x0800242a        0xc ./Core/Src/stm32h7xx_it.o
                0x0800242a                SysTick_Handler
 *fill*         0x08002436        0x2 
 .text.SystemInit
                0x08002438      0x120 ./Core/Src/system_stm32h7xx.o
                0x08002438                SystemInit
 .text.ExitRun0Mode
                0x08002558       0x30 ./Core/Src/system_stm32h7xx.o
                0x08002558                ExitRun0Mode
 .text.Reset_Handler
                0x08002588       0x54 ./Core/Startup/startup_stm32h723vgtx.o
                0x08002588                Reset_Handler
 .text.Default_Handler
                0x080025dc        0x2 ./Core/Startup/startup_stm32h723vgtx.o
                0x080025dc                DMA1_Stream3_IRQHandler
                0x080025dc                EXTI2_IRQHandler
                0x080025dc                TIM8_CC_IRQHandler
                0x080025dc                UART8_IRQHandler
                0x080025dc                SPI4_IRQHandler
                0x080025dc                FDCAN3_IT0_IRQHandler
                0x080025dc                TIM1_CC_IRQHandler
                0x080025dc                BDMA_Channel6_IRQHandler
                0x080025dc                DMA2_Stream5_IRQHandler
                0x080025dc                DMA1_Stream5_IRQHandler
                0x080025dc                CORDIC_IRQHandler
                0x080025dc                BDMA_Channel1_IRQHandler
                0x080025dc                TAMP_STAMP_IRQHandler
                0x080025dc                EXTI3_IRQHandler
                0x080025dc                LPTIM4_IRQHandler
                0x080025dc                TIM8_TRG_COM_TIM14_IRQHandler
                0x080025dc                LPTIM2_IRQHandler
                0x080025dc                DFSDM1_FLT1_IRQHandler
                0x080025dc                DMAMUX2_OVR_IRQHandler
                0x080025dc                TIM8_UP_TIM13_IRQHandler
                0x080025dc                I2C3_ER_IRQHandler
                0x080025dc                DFSDM1_FLT2_IRQHandler
                0x080025dc                I2C5_EV_IRQHandler
                0x080025dc                USART10_IRQHandler
                0x080025dc                MDMA_IRQHandler
                0x080025dc                LPTIM3_IRQHandler
                0x080025dc                HSEM1_IRQHandler
                0x080025dc                EXTI0_IRQHandler
                0x080025dc                I2C2_EV_IRQHandler
                0x080025dc                DMA1_Stream2_IRQHandler
                0x080025dc                FPU_IRQHandler
                0x080025dc                OTG_HS_WKUP_IRQHandler
                0x080025dc                FDCAN1_IT1_IRQHandler
                0x080025dc                LTDC_ER_IRQHandler
                0x080025dc                DMA2_Stream2_IRQHandler
                0x080025dc                SPI1_IRQHandler
                0x080025dc                OCTOSPI1_IRQHandler
                0x080025dc                TIM6_DAC_IRQHandler
                0x080025dc                DMA2_Stream3_IRQHandler
                0x080025dc                OCTOSPI2_IRQHandler
                0x080025dc                DFSDM1_FLT3_IRQHandler
                0x080025dc                TIM23_IRQHandler
                0x080025dc                USART6_IRQHandler
                0x080025dc                TIM17_IRQHandler
                0x080025dc                USART3_IRQHandler
                0x080025dc                BDMA_Channel7_IRQHandler
                0x080025dc                LPTIM5_IRQHandler
                0x080025dc                UART5_IRQHandler
                0x080025dc                ADC3_IRQHandler
                0x080025dc                DMA2_Stream0_IRQHandler
                0x080025dc                TIM4_IRQHandler
                0x080025dc                BDMA_Channel2_IRQHandler
                0x080025dc                I2C1_EV_IRQHandler
                0x080025dc                DMA1_Stream6_IRQHandler
                0x080025dc                DMAMUX1_OVR_IRQHandler
                0x080025dc                DMA1_Stream1_IRQHandler
                0x080025dc                TIM16_IRQHandler
                0x080025dc                UART4_IRQHandler
                0x080025dc                BDMA_Channel5_IRQHandler
                0x080025dc                TIM3_IRQHandler
                0x080025dc                RCC_IRQHandler
                0x080025dc                UART9_IRQHandler
                0x080025dc                TIM8_BRK_TIM12_IRQHandler
                0x080025dc                TIM1_TRG_COM_IRQHandler
                0x080025dc                Default_Handler
                0x080025dc                ECC_IRQHandler
                0x080025dc                FMAC_IRQHandler
                0x080025dc                CEC_IRQHandler
                0x080025dc                EXTI15_10_IRQHandler
                0x080025dc                BDMA_Channel0_IRQHandler
                0x080025dc                ADC_IRQHandler
                0x080025dc                I2C5_ER_IRQHandler
                0x080025dc                DMA1_Stream7_IRQHandler
                0x080025dc                SPI5_IRQHandler
                0x080025dc                TIM7_IRQHandler
                0x080025dc                FDCAN3_IT1_IRQHandler
                0x080025dc                SDMMC1_IRQHandler
                0x080025dc                TIM5_IRQHandler
                0x080025dc                DMA2_Stream7_IRQHandler
                0x080025dc                TIM15_IRQHandler
                0x080025dc                PVD_AVD_IRQHandler
                0x080025dc                I2C3_EV_IRQHandler
                0x080025dc                EXTI9_5_IRQHandler
                0x080025dc                RTC_WKUP_IRQHandler
                0x080025dc                LTDC_IRQHandler
                0x080025dc                ETH_WKUP_IRQHandler
                0x080025dc                SPDIF_RX_IRQHandler
                0x080025dc                SPI2_IRQHandler
                0x080025dc                OTG_HS_EP1_IN_IRQHandler
                0x080025dc                DMA1_Stream0_IRQHandler
                0x080025dc                TIM24_IRQHandler
                0x080025dc                CRS_IRQHandler
                0x080025dc                EXTI4_IRQHandler
                0x080025dc                RNG_IRQHandler
                0x080025dc                FDCAN2_IT1_IRQHandler
                0x080025dc                ETH_IRQHandler
                0x080025dc                TIM1_UP_IRQHandler
                0x080025dc                BDMA_Channel4_IRQHandler
                0x080025dc                OTG_HS_EP1_OUT_IRQHandler
                0x080025dc                WWDG_IRQHandler
                0x080025dc                SPI6_IRQHandler
                0x080025dc                MDIOS_IRQHandler
                0x080025dc                I2C4_EV_IRQHandler
                0x080025dc                FDCAN2_IT0_IRQHandler
                0x080025dc                LPUART1_IRQHandler
                0x080025dc                FDCAN1_IT0_IRQHandler
                0x080025dc                TIM2_IRQHandler
                0x080025dc                OTG_HS_IRQHandler
                0x080025dc                DMA2D_IRQHandler
                0x080025dc                TIM1_BRK_IRQHandler
                0x080025dc                EXTI1_IRQHandler
                0x080025dc                SDMMC2_IRQHandler
                0x080025dc                BDMA_Channel3_IRQHandler
                0x080025dc                DTS_IRQHandler
                0x080025dc                UART7_IRQHandler
                0x080025dc                MDIOS_WKUP_IRQHandler
                0x080025dc                USART2_IRQHandler
                0x080025dc                DFSDM1_FLT0_IRQHandler
                0x080025dc                SAI4_IRQHandler
                0x080025dc                I2C2_ER_IRQHandler
                0x080025dc                DMA2_Stream1_IRQHandler
                0x080025dc                FLASH_IRQHandler
                0x080025dc                DMA2_Stream4_IRQHandler
                0x080025dc                USART1_IRQHandler
                0x080025dc                SPI3_IRQHandler
                0x080025dc                WAKEUP_PIN_IRQHandler
                0x080025dc                DMA1_Stream4_IRQHandler
                0x080025dc                I2C1_ER_IRQHandler
                0x080025dc                FMC_IRQHandler
                0x080025dc                FDCAN_CAL_IRQHandler
                0x080025dc                SWPMI1_IRQHandler
                0x080025dc                COMP1_IRQHandler
                0x080025dc                LPTIM1_IRQHandler
                0x080025dc                DCMI_PSSI_IRQHandler
                0x080025dc                I2C4_ER_IRQHandler
                0x080025dc                DMA2_Stream6_IRQHandler
                0x080025dc                SAI1_IRQHandler
                0x080025dc                RTC_Alarm_IRQHandler
 *fill*         0x080025de        0x2 
 .text.HAL_Init
                0x080025e0       0x78 ./Drivers/STM32H7xx_HAL_Driver/Src/stm32h7xx_hal.o
                0x080025e0                HAL_Init
 .text.HAL_InitTick
                0x08002658       0x6c ./Drivers/STM32H7xx_HAL_Driver/Src/stm32h7xx_hal.o
                0x08002658                HAL_InitTick
 .text.HAL_IncTick
                0x080026c4       0x28 ./Drivers/STM32H7xx_HAL_Driver/Src/stm32h7xx_hal.o
                0x080026c4                HAL_IncTick
 .text.HAL_GetTick
                0x080026ec       0x18 ./Drivers/STM32H7xx_HAL_Driver/Src/stm32h7xx_hal.o
                0x080026ec                HAL_GetTick
 .text.HAL_Delay
                0x08002704       0x48 ./Drivers/STM32H7xx_HAL_Driver/Src/stm32h7xx_hal.o
                0x08002704                HAL_Delay
 .text.LL_ADC_SetCommonClock
                0x0800274c       0x26 ./Drivers/STM32H7xx_HAL_Driver/Src/stm32h7xx_hal_adc.o
 .text.LL_ADC_SetCommonPathInternalCh
                0x08002772       0x26 ./Drivers/STM32H7xx_HAL_Driver/Src/stm32h7xx_hal_adc.o
 .text.LL_ADC_GetCommonPathInternalCh
                0x08002798       0x1c ./Drivers/STM32H7xx_HAL_Driver/Src/stm32h7xx_hal_adc.o
 .text.LL_ADC_SetChannelPreselection
                0x080027b4       0x74 ./Drivers/STM32H7xx_HAL_Driver/Src/stm32h7xx_hal_adc.o
 .text.LL_ADC_SetOffset
                0x08002828       0x64 ./Drivers/STM32H7xx_HAL_Driver/Src/stm32h7xx_hal_adc.o
 .text.LL_ADC_GetOffsetChannel
                0x0800288c       0x2c ./Drivers/STM32H7xx_HAL_Driver/Src/stm32h7xx_hal_adc.o
 .text.LL_ADC_SetDataRightShift
                0x080028b8       0x32 ./Drivers/STM32H7xx_HAL_Driver/Src/stm32h7xx_hal_adc.o
 *fill*         0x080028ea        0x2 
 .text.LL_ADC_SetOffsetSignedSaturation
                0x080028ec       0x44 ./Drivers/STM32H7xx_HAL_Driver/Src/stm32h7xx_hal_adc.o
 .text.LL_ADC_SetOffsetSaturation
                0x08002930       0x44 ./Drivers/STM32H7xx_HAL_Driver/Src/stm32h7xx_hal_adc.o
 .text.LL_ADC_SetOffsetSign
                0x08002974       0x44 ./Drivers/STM32H7xx_HAL_Driver/Src/stm32h7xx_hal_adc.o
 .text.LL_ADC_SetOffsetState
                0x080029b8       0x54 ./Drivers/STM32H7xx_HAL_Driver/Src/stm32h7xx_hal_adc.o
 .text.LL_ADC_REG_SetSequencerRanks
                0x08002a0c       0x58 ./Drivers/STM32H7xx_HAL_Driver/Src/stm32h7xx_hal_adc.o
 .text.LL_ADC_SetChannelSamplingTime
                0x08002a64       0x56 ./Drivers/STM32H7xx_HAL_Driver/Src/stm32h7xx_hal_adc.o
 *fill*         0x08002aba        0x2 
 .text.LL_ADC_SetChannelSingleDiff
                0x08002abc       0x80 ./Drivers/STM32H7xx_HAL_Driver/Src/stm32h7xx_hal_adc.o
 .text.LL_ADC_DisableDeepPowerDown
                0x08002b3c       0x24 ./Drivers/STM32H7xx_HAL_Driver/Src/stm32h7xx_hal_adc.o
 .text.LL_ADC_IsDeepPowerDownEnabled
                0x08002b60       0x28 ./Drivers/STM32H7xx_HAL_Driver/Src/stm32h7xx_hal_adc.o
 .text.LL_ADC_EnableInternalRegulator
                0x08002b88       0x28 ./Drivers/STM32H7xx_HAL_Driver/Src/stm32h7xx_hal_adc.o
 .text.LL_ADC_IsInternalRegulatorEnabled
                0x08002bb0       0x28 ./Drivers/STM32H7xx_HAL_Driver/Src/stm32h7xx_hal_adc.o
 .text.LL_ADC_IsEnabled
                0x08002bd8       0x26 ./Drivers/STM32H7xx_HAL_Driver/Src/stm32h7xx_hal_adc.o
 .text.LL_ADC_REG_IsConversionOngoing
                0x08002bfe       0x26 ./Drivers/STM32H7xx_HAL_Driver/Src/stm32h7xx_hal_adc.o
 .text.LL_ADC_INJ_IsConversionOngoing
                0x08002c24       0x26 ./Drivers/STM32H7xx_HAL_Driver/Src/stm32h7xx_hal_adc.o
 *fill*         0x08002c4a        0x2 
 .text.HAL_ADC_Init
                0x08002c4c      0x410 ./Drivers/STM32H7xx_HAL_Driver/Src/stm32h7xx_hal_adc.o
                0x08002c4c                HAL_ADC_Init
 .text.HAL_ADC_ConfigChannel
                0x0800305c      0x9a8 ./Drivers/STM32H7xx_HAL_Driver/Src/stm32h7xx_hal_adc.o
                0x0800305c                HAL_ADC_ConfigChannel
 .text.ADC_ConfigureBoostMode
                0x08003a04      0x1dc ./Drivers/STM32H7xx_HAL_Driver/Src/stm32h7xx_hal_adc.o
                0x08003a04                ADC_ConfigureBoostMode
 .text.LL_ADC_IsEnabled
                0x08003be0       0x26 ./Drivers/STM32H7xx_HAL_Driver/Src/stm32h7xx_hal_adc_ex.o
 .text.LL_ADC_REG_IsConversionOngoing
                0x08003c06       0x26 ./Drivers/STM32H7xx_HAL_Driver/Src/stm32h7xx_hal_adc_ex.o
 .text.HAL_ADCEx_MultiModeConfigChannel
                0x08003c2c      0x1c4 ./Drivers/STM32H7xx_HAL_Driver/Src/stm32h7xx_hal_adc_ex.o
                0x08003c2c                HAL_ADCEx_MultiModeConfigChannel
 .text.__NVIC_SetPriorityGrouping
                0x08003df0       0x48 ./Drivers/STM32H7xx_HAL_Driver/Src/stm32h7xx_hal_cortex.o
 .text.__NVIC_GetPriorityGrouping
                0x08003e38       0x1c ./Drivers/STM32H7xx_HAL_Driver/Src/stm32h7xx_hal_cortex.o
 .text.__NVIC_SetPriority
                0x08003e54       0x54 ./Drivers/STM32H7xx_HAL_Driver/Src/stm32h7xx_hal_cortex.o
 .text.NVIC_EncodePriority
                0x08003ea8       0x66 ./Drivers/STM32H7xx_HAL_Driver/Src/stm32h7xx_hal_cortex.o
 *fill*         0x08003f0e        0x2 
 .text.SysTick_Config
                0x08003f10       0x44 ./Drivers/STM32H7xx_HAL_Driver/Src/stm32h7xx_hal_cortex.o
 .text.HAL_NVIC_SetPriorityGrouping
                0x08003f54       0x16 ./Drivers/STM32H7xx_HAL_Driver/Src/stm32h7xx_hal_cortex.o
                0x08003f54                HAL_NVIC_SetPriorityGrouping
 .text.HAL_NVIC_SetPriority
                0x08003f6a       0x34 ./Drivers/STM32H7xx_HAL_Driver/Src/stm32h7xx_hal_cortex.o
                0x08003f6a                HAL_NVIC_SetPriority
 .text.HAL_SYSTICK_Config
                0x08003f9e       0x18 ./Drivers/STM32H7xx_HAL_Driver/Src/stm32h7xx_hal_cortex.o
                0x08003f9e                HAL_SYSTICK_Config
 *fill*         0x08003fb6        0x2 
 .text.HAL_GPIO_Init
                0x08003fb8      0x350 ./Drivers/STM32H7xx_HAL_Driver/Src/stm32h7xx_hal_gpio.o
                0x08003fb8                HAL_GPIO_Init
 .text.HAL_GPIO_ReadPin
                0x08004308       0x30 ./Drivers/STM32H7xx_HAL_Driver/Src/stm32h7xx_hal_gpio.o
                0x08004308                HAL_GPIO_ReadPin
 .text.HAL_GPIO_WritePin
                0x08004338       0x32 ./Drivers/STM32H7xx_HAL_Driver/Src/stm32h7xx_hal_gpio.o
                0x08004338                HAL_GPIO_WritePin
 *fill*         0x0800436a        0x2 
 .text.HAL_I2C_Init
                0x0800436c      0x138 ./Drivers/STM32H7xx_HAL_Driver/Src/stm32h7xx_hal_i2c.o
                0x0800436c                HAL_I2C_Init
 .text.HAL_I2CEx_ConfigAnalogFilter
                0x080044a4       0x96 ./Drivers/STM32H7xx_HAL_Driver/Src/stm32h7xx_hal_i2c_ex.o
                0x080044a4                HAL_I2CEx_ConfigAnalogFilter
 .text.HAL_I2CEx_ConfigDigitalFilter
                0x0800453a       0x98 ./Drivers/STM32H7xx_HAL_Driver/Src/stm32h7xx_hal_i2c_ex.o
                0x0800453a                HAL_I2CEx_ConfigDigitalFilter
 .text.HAL_PCD_Init
                0x080045d2      0x218 ./Drivers/STM32H7xx_HAL_Driver/Src/stm32h7xx_hal_pcd.o
                0x080045d2                HAL_PCD_Init
 *fill*         0x080047ea        0x2 
 .text.HAL_PCDEx_ActivateLPM
                0x080047ec       0x48 ./Drivers/STM32H7xx_HAL_Driver/Src/stm32h7xx_hal_pcd_ex.o
                0x080047ec                HAL_PCDEx_ActivateLPM
 .text.HAL_PWREx_ConfigSupply
                0x08004834       0x74 ./Drivers/STM32H7xx_HAL_Driver/Src/stm32h7xx_hal_pwr_ex.o
                0x08004834                HAL_PWREx_ConfigSupply
 .text.HAL_PWREx_EnableUSBVoltageDetector
                0x080048a8       0x20 ./Drivers/STM32H7xx_HAL_Driver/Src/stm32h7xx_hal_pwr_ex.o
                0x080048a8                HAL_PWREx_EnableUSBVoltageDetector
 .text.HAL_RCC_OscConfig
                0x080048c8      0x7b4 ./Drivers/STM32H7xx_HAL_Driver/Src/stm32h7xx_hal_rcc.o
                0x080048c8                HAL_RCC_OscConfig
 .text.HAL_RCC_ClockConfig
                0x0800507c      0x36c ./Drivers/STM32H7xx_HAL_Driver/Src/stm32h7xx_hal_rcc.o
                0x0800507c                HAL_RCC_ClockConfig
 .text.HAL_RCC_GetSysClockFreq
                0x080053e8      0x2f4 ./Drivers/STM32H7xx_HAL_Driver/Src/stm32h7xx_hal_rcc.o
                0x080053e8                HAL_RCC_GetSysClockFreq
 .text.HAL_RCC_GetHCLKFreq
                0x080056dc       0x60 ./Drivers/STM32H7xx_HAL_Driver/Src/stm32h7xx_hal_rcc.o
                0x080056dc                HAL_RCC_GetHCLKFreq
 .text.HAL_RCC_GetPCLK1Freq
                0x0800573c       0x2c ./Drivers/STM32H7xx_HAL_Driver/Src/stm32h7xx_hal_rcc.o
                0x0800573c                HAL_RCC_GetPCLK1Freq
 .text.HAL_RCC_GetPCLK2Freq
                0x08005768       0x2c ./Drivers/STM32H7xx_HAL_Driver/Src/stm32h7xx_hal_rcc.o
                0x08005768                HAL_RCC_GetPCLK2Freq
 .text.HAL_RCCEx_PeriphCLKConfig
                0x08005794     0x1340 ./Drivers/STM32H7xx_HAL_Driver/Src/stm32h7xx_hal_rcc_ex.o
                0x08005794                HAL_RCCEx_PeriphCLKConfig
 .text.HAL_RCCEx_GetPeriphCLKFreq
                0x08006ad4      0x9a4 ./Drivers/STM32H7xx_HAL_Driver/Src/stm32h7xx_hal_rcc_ex.o
                0x08006ad4                HAL_RCCEx_GetPeriphCLKFreq
 .text.HAL_RCCEx_GetD3PCLK1Freq
                0x08007478       0x2c ./Drivers/STM32H7xx_HAL_Driver/Src/stm32h7xx_hal_rcc_ex.o
                0x08007478                HAL_RCCEx_GetD3PCLK1Freq
 .text.HAL_RCCEx_GetPLL2ClockFreq
                0x080074a4      0x2a8 ./Drivers/STM32H7xx_HAL_Driver/Src/stm32h7xx_hal_rcc_ex.o
                0x080074a4                HAL_RCCEx_GetPLL2ClockFreq
 .text.HAL_RCCEx_GetPLL3ClockFreq
                0x0800774c      0x2a8 ./Drivers/STM32H7xx_HAL_Driver/Src/stm32h7xx_hal_rcc_ex.o
                0x0800774c                HAL_RCCEx_GetPLL3ClockFreq
 .text.HAL_RCCEx_GetPLL1ClockFreq
                0x080079f4      0x2a4 ./Drivers/STM32H7xx_HAL_Driver/Src/stm32h7xx_hal_rcc_ex.o
                0x080079f4                HAL_RCCEx_GetPLL1ClockFreq
 .text.RCCEx_PLL2_Config
                0x08007c98      0x164 ./Drivers/STM32H7xx_HAL_Driver/Src/stm32h7xx_hal_rcc_ex.o
 .text.RCCEx_PLL3_Config
                0x08007dfc      0x164 ./Drivers/STM32H7xx_HAL_Driver/Src/stm32h7xx_hal_rcc_ex.o
 .text.HAL_SD_Init
                0x08007f60      0x106 ./Drivers/STM32H7xx_HAL_Driver/Src/stm32h7xx_hal_sd.o
                0x08007f60                HAL_SD_Init
 *fill*         0x08008066        0x2 
 .text.HAL_SD_InitCard
                0x08008068      0x138 ./Drivers/STM32H7xx_HAL_Driver/Src/stm32h7xx_hal_sd.o
                0x08008068                HAL_SD_InitCard
 .text.HAL_SD_ReadBlocks
                0x080081a0      0x314 ./Drivers/STM32H7xx_HAL_Driver/Src/stm32h7xx_hal_sd.o
                0x080081a0                HAL_SD_ReadBlocks
 .text.HAL_SD_WriteBlocks
                0x080084b4      0x31c ./Drivers/STM32H7xx_HAL_Driver/Src/stm32h7xx_hal_sd.o
                0x080084b4                HAL_SD_WriteBlocks
 .text.HAL_SD_GetCardCSD
                0x080087d0      0x348 ./Drivers/STM32H7xx_HAL_Driver/Src/stm32h7xx_hal_sd.o
                0x080087d0                HAL_SD_GetCardCSD
 .text.HAL_SD_GetCardStatus
                0x08008b18      0x17c ./Drivers/STM32H7xx_HAL_Driver/Src/stm32h7xx_hal_sd.o
                0x08008b18                HAL_SD_GetCardStatus
 .text.HAL_SD_GetCardInfo
                0x08008c94       0x58 ./Drivers/STM32H7xx_HAL_Driver/Src/stm32h7xx_hal_sd.o
                0x08008c94                HAL_SD_GetCardInfo
 .text.HAL_SD_ConfigWideBusOperation
                0x08008cec      0x224 ./Drivers/STM32H7xx_HAL_Driver/Src/stm32h7xx_hal_sd.o
                0x08008cec                HAL_SD_ConfigWideBusOperation
 .text.HAL_SD_GetCardState
                0x08008f10       0x40 ./Drivers/STM32H7xx_HAL_Driver/Src/stm32h7xx_hal_sd.o
                0x08008f10                HAL_SD_GetCardState
 .text.SD_InitCard
                0x08008f50      0x19c ./Drivers/STM32H7xx_HAL_Driver/Src/stm32h7xx_hal_sd.o
 .text.SD_PowerON
                0x080090ec      0x11c ./Drivers/STM32H7xx_HAL_Driver/Src/stm32h7xx_hal_sd.o
 .text.SD_SendSDStatus
                0x08009208      0x1a0 ./Drivers/STM32H7xx_HAL_Driver/Src/stm32h7xx_hal_sd.o
 .text.SD_SendStatus
                0x080093a8       0x50 ./Drivers/STM32H7xx_HAL_Driver/Src/stm32h7xx_hal_sd.o
 .text.SD_WideBus_Enable
                0x080093f8       0x96 ./Drivers/STM32H7xx_HAL_Driver/Src/stm32h7xx_hal_sd.o
 .text.SD_WideBus_Disable
                0x0800948e       0x96 ./Drivers/STM32H7xx_HAL_Driver/Src/stm32h7xx_hal_sd.o
 .text.SD_FindSCR
                0x08009524      0x1a0 ./Drivers/STM32H7xx_HAL_Driver/Src/stm32h7xx_hal_sd.o
 .text.HAL_SPI_Init
                0x080096c4      0x248 ./Drivers/STM32H7xx_HAL_Driver/Src/stm32h7xx_hal_spi.o
                0x080096c4                HAL_SPI_Init
 .text.SPI_GetPacketSize
                0x0800990c       0x36 ./Drivers/STM32H7xx_HAL_Driver/Src/stm32h7xx_hal_spi.o
 .text.HAL_TIM_Base_Init
                0x08009942       0xae ./Drivers/STM32H7xx_HAL_Driver/Src/stm32h7xx_hal_tim.o
                0x08009942                HAL_TIM_Base_Init
 .text.HAL_TIM_PWM_Init
                0x080099f0       0xae ./Drivers/STM32H7xx_HAL_Driver/Src/stm32h7xx_hal_tim.o
                0x080099f0                HAL_TIM_PWM_Init
 *fill*         0x08009a9e        0x2 
 .text.HAL_TIM_PWM_Start
                0x08009aa0      0x238 ./Drivers/STM32H7xx_HAL_Driver/Src/stm32h7xx_hal_tim.o
                0x08009aa0                HAL_TIM_PWM_Start
 .text.HAL_TIM_PWM_ConfigChannel
                0x08009cd8      0x228 ./Drivers/STM32H7xx_HAL_Driver/Src/stm32h7xx_hal_tim.o
                0x08009cd8                HAL_TIM_PWM_ConfigChannel
 .text.TIM_Base_SetConfig
                0x08009f00      0x158 ./Drivers/STM32H7xx_HAL_Driver/Src/stm32h7xx_hal_tim.o
                0x08009f00                TIM_Base_SetConfig
 .text.TIM_OC1_SetConfig
                0x0800a058      0x120 ./Drivers/STM32H7xx_HAL_Driver/Src/stm32h7xx_hal_tim.o
 .text.TIM_OC2_SetConfig
                0x0800a178      0x114 ./Drivers/STM32H7xx_HAL_Driver/Src/stm32h7xx_hal_tim.o
                0x0800a178                TIM_OC2_SetConfig
 .text.TIM_OC3_SetConfig
                0x0800a28c      0x110 ./Drivers/STM32H7xx_HAL_Driver/Src/stm32h7xx_hal_tim.o
 .text.TIM_OC4_SetConfig
                0x0800a39c       0xd4 ./Drivers/STM32H7xx_HAL_Driver/Src/stm32h7xx_hal_tim.o
 .text.TIM_OC5_SetConfig
                0x0800a470       0xc8 ./Drivers/STM32H7xx_HAL_Driver/Src/stm32h7xx_hal_tim.o
 .text.TIM_OC6_SetConfig
                0x0800a538       0xcc ./Drivers/STM32H7xx_HAL_Driver/Src/stm32h7xx_hal_tim.o
 .text.TIM_CCxChannelCmd
                0x0800a604       0x4a ./Drivers/STM32H7xx_HAL_Driver/Src/stm32h7xx_hal_tim.o
                0x0800a604                TIM_CCxChannelCmd
 *fill*         0x0800a64e        0x2 
 .text.HAL_TIMEx_MasterConfigSynchronization
                0x0800a650      0x138 ./Drivers/STM32H7xx_HAL_Driver/Src/stm32h7xx_hal_tim_ex.o
                0x0800a650                HAL_TIMEx_MasterConfigSynchronization
 .text.HAL_TIMEx_ConfigBreakDeadTime
                0x0800a788      0x118 ./Drivers/STM32H7xx_HAL_Driver/Src/stm32h7xx_hal_tim_ex.o
                0x0800a788                HAL_TIMEx_ConfigBreakDeadTime
 .text.HAL_UART_Init
                0x0800a8a0       0xa0 ./Drivers/STM32H7xx_HAL_Driver/Src/stm32h7xx_hal_uart.o
                0x0800a8a0                HAL_UART_Init
 .text.UART_SetConfig
                0x0800a940      0xcd8 ./Drivers/STM32H7xx_HAL_Driver/Src/stm32h7xx_hal_uart.o
                0x0800a940                UART_SetConfig
 .text.UART_AdvFeatureConfig
                0x0800b618      0x144 ./Drivers/STM32H7xx_HAL_Driver/Src/stm32h7xx_hal_uart.o
                0x0800b618                UART_AdvFeatureConfig
 .text.UART_CheckIdleState
                0x0800b75c      0x154 ./Drivers/STM32H7xx_HAL_Driver/Src/stm32h7xx_hal_uart.o
                0x0800b75c                UART_CheckIdleState
 .text.UART_WaitOnFlagUntilTimeout
                0x0800b8b0       0xda ./Drivers/STM32H7xx_HAL_Driver/Src/stm32h7xx_hal_uart.o
                0x0800b8b0                UART_WaitOnFlagUntilTimeout
 *fill*         0x0800b98a        0x2 
 .text.UART_EndRxTransfer
                0x0800b98c       0xcc ./Drivers/STM32H7xx_HAL_Driver/Src/stm32h7xx_hal_uart.o
 .text.HAL_UARTEx_DisableFifoMode
                0x0800ba58       0x72 ./Drivers/STM32H7xx_HAL_Driver/Src/stm32h7xx_hal_uart_ex.o
                0x0800ba58                HAL_UARTEx_DisableFifoMode
 .text.HAL_UARTEx_SetTxFifoThreshold
                0x0800baca       0x7c ./Drivers/STM32H7xx_HAL_Driver/Src/stm32h7xx_hal_uart_ex.o
                0x0800baca                HAL_UARTEx_SetTxFifoThreshold
 .text.HAL_UARTEx_SetRxFifoThreshold
                0x0800bb46       0x7c ./Drivers/STM32H7xx_HAL_Driver/Src/stm32h7xx_hal_uart_ex.o
                0x0800bb46                HAL_UARTEx_SetRxFifoThreshold
 *fill*         0x0800bbc2        0x2 
 .text.UARTEx_SetNbDataToProcess
                0x0800bbc4       0x9c ./Drivers/STM32H7xx_HAL_Driver/Src/stm32h7xx_hal_uart_ex.o
 .text.SDMMC_Init
                0x0800bc60       0x54 ./Drivers/STM32H7xx_HAL_Driver/Src/stm32h7xx_ll_sdmmc.o
                0x0800bc60                SDMMC_Init
 .text.SDMMC_ReadFIFO
                0x0800bcb4       0x1a ./Drivers/STM32H7xx_HAL_Driver/Src/stm32h7xx_ll_sdmmc.o
                0x0800bcb4                SDMMC_ReadFIFO
 .text.SDMMC_WriteFIFO
                0x0800bcce       0x22 ./Drivers/STM32H7xx_HAL_Driver/Src/stm32h7xx_ll_sdmmc.o
                0x0800bcce                SDMMC_WriteFIFO
 .text.SDMMC_PowerState_ON
                0x0800bcf0       0x22 ./Drivers/STM32H7xx_HAL_Driver/Src/stm32h7xx_ll_sdmmc.o
                0x0800bcf0                SDMMC_PowerState_ON
 .text.SDMMC_GetPowerState
                0x0800bd12       0x1c ./Drivers/STM32H7xx_HAL_Driver/Src/stm32h7xx_ll_sdmmc.o
                0x0800bd12                SDMMC_GetPowerState
 *fill*         0x0800bd2e        0x2 
 .text.SDMMC_SendCommand
                0x0800bd30       0x54 ./Drivers/STM32H7xx_HAL_Driver/Src/stm32h7xx_ll_sdmmc.o
                0x0800bd30                SDMMC_SendCommand
 .text.SDMMC_GetCommandResponse
                0x0800bd84       0x1a ./Drivers/STM32H7xx_HAL_Driver/Src/stm32h7xx_ll_sdmmc.o
                0x0800bd84                SDMMC_GetCommandResponse
 .text.SDMMC_GetResponse
                0x0800bd9e       0x26 ./Drivers/STM32H7xx_HAL_Driver/Src/stm32h7xx_ll_sdmmc.o
                0x0800bd9e                SDMMC_GetResponse
 .text.SDMMC_ConfigData
                0x0800bdc4       0x58 ./Drivers/STM32H7xx_HAL_Driver/Src/stm32h7xx_ll_sdmmc.o
                0x0800bdc4                SDMMC_ConfigData
 .text.SDMMC_CmdBlockLength
                0x0800be1c       0x46 ./Drivers/STM32H7xx_HAL_Driver/Src/stm32h7xx_ll_sdmmc.o
                0x0800be1c                SDMMC_CmdBlockLength
 .text.SDMMC_CmdReadSingleBlock
                0x0800be62       0x46 ./Drivers/STM32H7xx_HAL_Driver/Src/stm32h7xx_ll_sdmmc.o
                0x0800be62                SDMMC_CmdReadSingleBlock
 .text.SDMMC_CmdReadMultiBlock
                0x0800bea8       0x46 ./Drivers/STM32H7xx_HAL_Driver/Src/stm32h7xx_ll_sdmmc.o
                0x0800bea8                SDMMC_CmdReadMultiBlock
 .text.SDMMC_CmdWriteSingleBlock
                0x0800beee       0x46 ./Drivers/STM32H7xx_HAL_Driver/Src/stm32h7xx_ll_sdmmc.o
                0x0800beee                SDMMC_CmdWriteSingleBlock
 .text.SDMMC_CmdWriteMultiBlock
                0x0800bf34       0x46 ./Drivers/STM32H7xx_HAL_Driver/Src/stm32h7xx_ll_sdmmc.o
                0x0800bf34                SDMMC_CmdWriteMultiBlock
 *fill*         0x0800bf7a        0x2 
 .text.SDMMC_CmdStopTransfer
                0x0800bf7c       0x78 ./Drivers/STM32H7xx_HAL_Driver/Src/stm32h7xx_ll_sdmmc.o
                0x0800bf7c                SDMMC_CmdStopTransfer
 .text.SDMMC_CmdSelDesel
                0x0800bff4       0x46 ./Drivers/STM32H7xx_HAL_Driver/Src/stm32h7xx_ll_sdmmc.o
                0x0800bff4                SDMMC_CmdSelDesel
 .text.SDMMC_CmdGoIdleState
                0x0800c03a       0x3c ./Drivers/STM32H7xx_HAL_Driver/Src/stm32h7xx_ll_sdmmc.o
                0x0800c03a                SDMMC_CmdGoIdleState
 .text.SDMMC_CmdOperCond
                0x0800c076       0x40 ./Drivers/STM32H7xx_HAL_Driver/Src/stm32h7xx_ll_sdmmc.o
                0x0800c076                SDMMC_CmdOperCond
 .text.SDMMC_CmdAppCommand
                0x0800c0b6       0x46 ./Drivers/STM32H7xx_HAL_Driver/Src/stm32h7xx_ll_sdmmc.o
                0x0800c0b6                SDMMC_CmdAppCommand
 .text.SDMMC_CmdAppOperCommand
                0x0800c0fc       0x40 ./Drivers/STM32H7xx_HAL_Driver/Src/stm32h7xx_ll_sdmmc.o
                0x0800c0fc                SDMMC_CmdAppOperCommand
 .text.SDMMC_CmdBusWidth
                0x0800c13c       0x46 ./Drivers/STM32H7xx_HAL_Driver/Src/stm32h7xx_ll_sdmmc.o
                0x0800c13c                SDMMC_CmdBusWidth
 .text.SDMMC_CmdSendSCR
                0x0800c182       0x44 ./Drivers/STM32H7xx_HAL_Driver/Src/stm32h7xx_ll_sdmmc.o
                0x0800c182                SDMMC_CmdSendSCR
 .text.SDMMC_CmdSendCID
                0x0800c1c6       0x3e ./Drivers/STM32H7xx_HAL_Driver/Src/stm32h7xx_ll_sdmmc.o
                0x0800c1c6                SDMMC_CmdSendCID
 .text.SDMMC_CmdSendCSD
                0x0800c204       0x40 ./Drivers/STM32H7xx_HAL_Driver/Src/stm32h7xx_ll_sdmmc.o
                0x0800c204                SDMMC_CmdSendCSD
 .text.SDMMC_CmdSetRelAdd
                0x0800c244       0x44 ./Drivers/STM32H7xx_HAL_Driver/Src/stm32h7xx_ll_sdmmc.o
                0x0800c244                SDMMC_CmdSetRelAdd
 .text.SDMMC_CmdSendStatus
                0x0800c288       0x46 ./Drivers/STM32H7xx_HAL_Driver/Src/stm32h7xx_ll_sdmmc.o
                0x0800c288                SDMMC_CmdSendStatus
 .text.SDMMC_CmdStatusRegister
                0x0800c2ce       0x44 ./Drivers/STM32H7xx_HAL_Driver/Src/stm32h7xx_ll_sdmmc.o
                0x0800c2ce                SDMMC_CmdStatusRegister
 *fill*         0x0800c312        0x2 
 .text.SDMMC_GetCmdResp1
                0x0800c314      0x1e4 ./Drivers/STM32H7xx_HAL_Driver/Src/stm32h7xx_ll_sdmmc.o
                0x0800c314                SDMMC_GetCmdResp1
 .text.SDMMC_GetCmdResp2
                0x0800c4f8       0x94 ./Drivers/STM32H7xx_HAL_Driver/Src/stm32h7xx_ll_sdmmc.o
                0x0800c4f8                SDMMC_GetCmdResp2
 .text.SDMMC_GetCmdResp3
                0x0800c58c       0x80 ./Drivers/STM32H7xx_HAL_Driver/Src/stm32h7xx_ll_sdmmc.o
                0x0800c58c                SDMMC_GetCmdResp3
 .text.SDMMC_GetCmdResp6
                0x0800c60c       0xf0 ./Drivers/STM32H7xx_HAL_Driver/Src/stm32h7xx_ll_sdmmc.o
                0x0800c60c                SDMMC_GetCmdResp6
 .text.SDMMC_GetCmdResp7
                0x0800c6fc       0x9c ./Drivers/STM32H7xx_HAL_Driver/Src/stm32h7xx_ll_sdmmc.o
                0x0800c6fc                SDMMC_GetCmdResp7
 .text.SDMMC_GetCmdError
                0x0800c798       0x5c ./Drivers/STM32H7xx_HAL_Driver/Src/stm32h7xx_ll_sdmmc.o
 .text.USB_CoreInit
                0x0800c7f4       0xe4 ./Drivers/STM32H7xx_HAL_Driver/Src/stm32h7xx_ll_usb.o
                0x0800c7f4                USB_CoreInit
 .text.USB_DisableGlobalInt
                0x0800c8d8       0x22 ./Drivers/STM32H7xx_HAL_Driver/Src/stm32h7xx_ll_usb.o
                0x0800c8d8                USB_DisableGlobalInt
 .text.USB_SetCurrentMode
                0x0800c8fa       0x98 ./Drivers/STM32H7xx_HAL_Driver/Src/stm32h7xx_ll_usb.o
                0x0800c8fa                USB_SetCurrentMode
 *fill*         0x0800c992        0x2 
 .text.USB_DevInit
                0x0800c994      0x2bc ./Drivers/STM32H7xx_HAL_Driver/Src/stm32h7xx_ll_usb.o
                0x0800c994                USB_DevInit
 .text.USB_FlushTxFifo
                0x0800cc50       0x64 ./Drivers/STM32H7xx_HAL_Driver/Src/stm32h7xx_ll_usb.o
                0x0800cc50                USB_FlushTxFifo
 .text.USB_FlushRxFifo
                0x0800ccb4       0x5c ./Drivers/STM32H7xx_HAL_Driver/Src/stm32h7xx_ll_usb.o
                0x0800ccb4                USB_FlushRxFifo
 .text.USB_SetDevSpeed
                0x0800cd10       0x32 ./Drivers/STM32H7xx_HAL_Driver/Src/stm32h7xx_ll_usb.o
                0x0800cd10                USB_SetDevSpeed
 .text.USB_DevDisconnect
                0x0800cd42       0x42 ./Drivers/STM32H7xx_HAL_Driver/Src/stm32h7xx_ll_usb.o
                0x0800cd42                USB_DevDisconnect
 .text.USB_GetMode
                0x0800cd84       0x1c ./Drivers/STM32H7xx_HAL_Driver/Src/stm32h7xx_ll_usb.o
                0x0800cd84                USB_GetMode
 .text.USB_CoreReset
                0x0800cda0       0x62 ./Drivers/STM32H7xx_HAL_Driver/Src/stm32h7xx_ll_usb.o
 *fill*         0x0800ce02        0x2 
 .text.MX_FATFS_Init
                0x0800ce04       0x24 ./FATFS/App/fatfs.o
                0x0800ce04                MX_FATFS_Init
 .text.BSP_SD_Init
                0x0800ce28       0x4c ./FATFS/Target/bsp_driver_sd.o
                0x0800ce28                BSP_SD_Init
 .text.BSP_SD_ReadBlocks
                0x0800ce74       0x3c ./FATFS/Target/bsp_driver_sd.o
                0x0800ce74                BSP_SD_ReadBlocks
 .text.BSP_SD_WriteBlocks
                0x0800ceb0       0x3c ./FATFS/Target/bsp_driver_sd.o
                0x0800ceb0                BSP_SD_WriteBlocks
 .text.BSP_SD_GetCardState
                0x0800ceec       0x20 ./FATFS/Target/bsp_driver_sd.o
                0x0800ceec                BSP_SD_GetCardState
 .text.BSP_SD_GetCardInfo
                0x0800cf0c       0x1c ./FATFS/Target/bsp_driver_sd.o
                0x0800cf0c                BSP_SD_GetCardInfo
 .text.BSP_SD_IsDetected
                0x0800cf28       0x24 ./FATFS/Target/bsp_driver_sd.o
                0x0800cf28                BSP_SD_IsDetected
 .text.BSP_PlatformIsDetected
                0x0800cf4c       0x2c ./FATFS/Target/fatfs_platform.o
                0x0800cf4c                BSP_PlatformIsDetected
 .text.SD_CheckStatus
                0x0800cf78       0x3c ./FATFS/Target/sd_diskio.o
 .text.SD_initialize
                0x0800cfb4       0x3c ./FATFS/Target/sd_diskio.o
                0x0800cfb4                SD_initialize
 .text.SD_status
                0x0800cff0       0x1c ./FATFS/Target/sd_diskio.o
                0x0800cff0                SD_status
 .text.SD_read  0x0800d00c       0x42 ./FATFS/Target/sd_diskio.o
                0x0800d00c                SD_read
 .text.SD_write
                0x0800d04e       0x42 ./FATFS/Target/sd_diskio.o
                0x0800d04e                SD_write
 .text.SD_ioctl
                0x0800d090       0xb0 ./FATFS/Target/sd_diskio.o
                0x0800d090                SD_ioctl
 .text.FATFS_LinkDriverEx
                0x0800d140       0x98 ./Middlewares/Third_Party/FatFs/src/ff_gen_drv.o
                0x0800d140                FATFS_LinkDriverEx
 .text.FATFS_LinkDriver
                0x0800d1d8       0x1e ./Middlewares/Third_Party/FatFs/src/ff_gen_drv.o
                0x0800d1d8                FATFS_LinkDriver
 .text.memset   0x0800d1f6       0x10 /Applications/STM32CubeIDE.app/Contents/Eclipse/plugins/com.st.stm32cube.ide.mcu.externaltools.gnu-tools-for-stm32.13.3.rel1.macos64_1.0.0.202411102158/tools/bin/../lib/gcc/arm-none-eabi/13.3.1/../../../../arm-none-eabi/lib/thumb/v7e-m+dp/hard/libc_nano.a(libc_a-memset.o)
                0x0800d1f6                memset
 *fill*         0x0800d206        0x2 
 .text.__libc_init_array
                0x0800d208       0x48 /Applications/STM32CubeIDE.app/Contents/Eclipse/plugins/com.st.stm32cube.ide.mcu.externaltools.gnu-tools-for-stm32.13.3.rel1.macos64_1.0.0.202411102158/tools/bin/../lib/gcc/arm-none-eabi/13.3.1/../../../../arm-none-eabi/lib/thumb/v7e-m+dp/hard/libc_nano.a(libc_a-init.o)
                0x0800d208                __libc_init_array
 *(.glue_7)
 .glue_7        0x0800d250        0x0 linker stubs
 *(.glue_7t)
 .glue_7t       0x0800d250        0x0 linker stubs
 *(.eh_frame)
 .eh_frame      0x0800d250        0x0 /Applications/STM32CubeIDE.app/Contents/Eclipse/plugins/com.st.stm32cube.ide.mcu.externaltools.gnu-tools-for-stm32.13.3.rel1.macos64_1.0.0.202411102158/tools/bin/../lib/gcc/arm-none-eabi/13.3.1/thumb/v7e-m+dp/hard/crtbegin.o
 *(.init)
 .init          0x0800d250        0x4 /Applications/STM32CubeIDE.app/Contents/Eclipse/plugins/com.st.stm32cube.ide.mcu.externaltools.gnu-tools-for-stm32.13.3.rel1.macos64_1.0.0.202411102158/tools/bin/../lib/gcc/arm-none-eabi/13.3.1/thumb/v7e-m+dp/hard/crti.o
                0x0800d250                _init
 .init          0x0800d254        0x8 /Applications/STM32CubeIDE.app/Contents/Eclipse/plugins/com.st.stm32cube.ide.mcu.externaltools.gnu-tools-for-stm32.13.3.rel1.macos64_1.0.0.202411102158/tools/bin/../lib/gcc/arm-none-eabi/13.3.1/thumb/v7e-m+dp/hard/crtn.o
 *(.fini)
 .fini          0x0800d25c        0x4 /Applications/STM32CubeIDE.app/Contents/Eclipse/plugins/com.st.stm32cube.ide.mcu.externaltools.gnu-tools-for-stm32.13.3.rel1.macos64_1.0.0.202411102158/tools/bin/../lib/gcc/arm-none-eabi/13.3.1/thumb/v7e-m+dp/hard/crti.o
                0x0800d25c                _fini
 .fini          0x0800d260        0x8 /Applications/STM32CubeIDE.app/Contents/Eclipse/plugins/com.st.stm32cube.ide.mcu.externaltools.gnu-tools-for-stm32.13.3.rel1.macos64_1.0.0.202411102158/tools/bin/../lib/gcc/arm-none-eabi/13.3.1/thumb/v7e-m+dp/hard/crtn.o
                0x0800d268                        . = ALIGN (0x4)
                0x0800d268                        _etext = .

.vfp11_veneer   0x0800d268        0x0
 .vfp11_veneer  0x0800d268        0x0 linker stubs

.v4_bx          0x0800d268        0x0
 .v4_bx         0x0800d268        0x0 linker stubs

.iplt           0x0800d268        0x0
 .iplt          0x0800d268        0x0 /Applications/STM32CubeIDE.app/Contents/Eclipse/plugins/com.st.stm32cube.ide.mcu.externaltools.gnu-tools-for-stm32.13.3.rel1.macos64_1.0.0.202411102158/tools/bin/../lib/gcc/arm-none-eabi/13.3.1/thumb/v7e-m+dp/hard/crtbegin.o

.rodata         0x0800d268       0xd4
                0x0800d268                        . = ALIGN (0x4)
 *(.rodata)
 *(.rodata*)
 .rodata.kSoundBeep
                0x0800d268        0x8 ./Core/Src/feedback.o
 .rodata.kSoundStartup
                0x0800d270       0x10 ./Core/Src/feedback.o
 .rodata.kSoundSuccess
                0x0800d280        0xc ./Core/Src/feedback.o
 .rodata.kSoundError
                0x0800d28c        0xc ./Core/Src/feedback.o
 .rodata.kSoundWarning
                0x0800d298       0x10 ./Core/Src/feedback.o
 .rodata.kSoundNotification
                0x0800d2a8        0xc ./Core/Src/feedback.o
 .rodata.kPatternStartup
                0x0800d2b4        0xc ./Core/Src/feedback.o
 .rodata.kPatternSuccess
                0x0800d2c0        0x8 ./Core/Src/feedback.o
 .rodata.kPatternError
                0x0800d2c8       0x10 ./Core/Src/feedback.o
 .rodata.kPatternWarning
                0x0800d2d8       0x10 ./Core/Src/feedback.o
 .rodata.kPatternNotification
                0x0800d2e8        0x8 ./Core/Src/feedback.o
 .rodata.D1CorePrescTable
                0x0800d2f0       0x10 ./Core/Src/system_stm32h7xx.o
                0x0800d2f0                D1CorePrescTable
 .rodata.UARTPrescTable
                0x0800d300       0x18 ./Drivers/STM32H7xx_HAL_Driver/Src/stm32h7xx_hal_uart.o
                0x0800d300                UARTPrescTable
 .rodata.numerator.1
                0x0800d318        0x8 ./Drivers/STM32H7xx_HAL_Driver/Src/stm32h7xx_hal_uart_ex.o
 .rodata.denominator.0
                0x0800d320        0x8 ./Drivers/STM32H7xx_HAL_Driver/Src/stm32h7xx_hal_uart_ex.o
 .rodata.SD_Driver
                0x0800d328       0x14 ./FATFS/Target/sd_diskio.o
                0x0800d328                SD_Driver
                0x0800d33c                        . = ALIGN (0x4)

.ARM.extab
 *(.ARM.extab* .gnu.linkonce.armextab.*)

.ARM            0x0800d33c        0x8
                0x0800d33c                        __exidx_start = .
 *(.ARM.exidx*)
 .ARM.exidx     0x0800d33c        0x8 /Applications/STM32CubeIDE.app/Contents/Eclipse/plugins/com.st.stm32cube.ide.mcu.externaltools.gnu-tools-for-stm32.13.3.rel1.macos64_1.0.0.202411102158/tools/bin/../lib/gcc/arm-none-eabi/13.3.1/thumb/v7e-m+dp/hard/libgcc.a(_udivmoddi4.o)
                0x0800d344                        __exidx_end = .

.preinit_array  0x0800d344        0x0
                0x0800d344                        PROVIDE (__preinit_array_start = .)
 *(.preinit_array*)
                0x0800d344                        PROVIDE (__preinit_array_end = .)

.init_array     0x0800d344        0x4
                0x0800d344                        PROVIDE (__init_array_start = .)
 *(SORT_BY_NAME(.init_array.*))
 *(.init_array*)
 .init_array    0x0800d344        0x4 /Applications/STM32CubeIDE.app/Contents/Eclipse/plugins/com.st.stm32cube.ide.mcu.externaltools.gnu-tools-for-stm32.13.3.rel1.macos64_1.0.0.202411102158/tools/bin/../lib/gcc/arm-none-eabi/13.3.1/thumb/v7e-m+dp/hard/crtbegin.o
                0x0800d348                        PROVIDE (__init_array_end = .)

.fini_array     0x0800d348        0x4
                [!provide]                        PROVIDE (__fini_array_start = .)
 *(SORT_BY_NAME(.fini_array.*))
 *(.fini_array*)
 .fini_array    0x0800d348        0x4 /Applications/STM32CubeIDE.app/Contents/Eclipse/plugins/com.st.stm32cube.ide.mcu.externaltools.gnu-tools-for-stm32.13.3.rel1.macos64_1.0.0.202411102158/tools/bin/../lib/gcc/arm-none-eabi/13.3.1/thumb/v7e-m+dp/hard/crtbegin.o
                [!provide]                        PROVIDE (__fini_array_end = .)
                0x0800d34c                        _sidata = LOADADDR (.data)

.rel.dyn        0x0800d34c        0x0
 .rel.iplt      0x0800d34c        0x0 /Applications/STM32CubeIDE.app/Contents/Eclipse/plugins/com.st.stm32cube.ide.mcu.externaltools.gnu-tools-for-stm32.13.3.rel1.macos64_1.0.0.202411102158/tools/bin/../lib/gcc/arm-none-eabi/13.3.1/thumb/v7e-m+dp/hard/crtbegin.o

.data           0x24000000       0x10 load address 0x0800d34c
                0x24000000                        . = ALIGN (0x4)
                0x24000000                        _sdata = .
 *(.data)
 *(.data*)
 .data.SystemCoreClock
                0x24000000        0x4 ./Core/Src/system_stm32h7xx.o
                0x24000000                SystemCoreClock
 .data.SystemD2Clock
                0x24000004        0x4 ./Core/Src/system_stm32h7xx.o
                0x24000004                SystemD2Clock
 .data.uwTickPrio
                0x24000008        0x4 ./Drivers/STM32H7xx_HAL_Driver/Src/stm32h7xx_hal.o
                0x24000008                uwTickPrio
 .data.uwTickFreq
                0x2400000c        0x1 ./Drivers/STM32H7xx_HAL_Driver/Src/stm32h7xx_hal.o
                0x2400000c                uwTickFreq
 .data.Stat     0x2400000d        0x1 ./FATFS/Target/sd_diskio.o
 *(.RamFunc)
 *(.RamFunc*)
                0x24000010                        . = ALIGN (0x4)
 *fill*         0x2400000e        0x2 
                0x24000010                        _edata = .

.igot.plt       0x24000010        0x0 load address 0x0800d35c
 .igot.plt      0x24000010        0x0 /Applications/STM32CubeIDE.app/Contents/Eclipse/plugins/com.st.stm32cube.ide.mcu.externaltools.gnu-tools-for-stm32.13.3.rel1.macos64_1.0.0.202411102158/tools/bin/../lib/gcc/arm-none-eabi/13.3.1/thumb/v7e-m+dp/hard/crtbegin.o
                0x24000010                        . = ALIGN (0x4)

.bss            0x24000010      0xa1c load address 0x0800d35c
                0x24000010                        _sbss = .
                0x24000010                        __bss_start__ = _sbss
 *(.bss)
 .bss           0x24000010       0x1c /Applications/STM32CubeIDE.app/Contents/Eclipse/plugins/com.st.stm32cube.ide.mcu.externaltools.gnu-tools-for-stm32.13.3.rel1.macos64_1.0.0.202411102158/tools/bin/../lib/gcc/arm-none-eabi/13.3.1/thumb/v7e-m+dp/hard/crtbegin.o
 *(.bss*)
 .bss.s_feedback
                0x2400002c       0x20 ./Core/Src/feedback.o
 .bss.hadc1     0x2400004c       0x70 ./Core/Src/main.o
                0x2400004c                hadc1
 .bss.hi2c1     0x240000bc       0x54 ./Core/Src/main.o
                0x240000bc                hi2c1
 .bss.hi2c2     0x24000110       0x54 ./Core/Src/main.o
                0x24000110                hi2c2
 .bss.hi2c3     0x24000164       0x54 ./Core/Src/main.o
                0x24000164                hi2c3
 .bss.hi2c4     0x240001b8       0x54 ./Core/Src/main.o
                0x240001b8                hi2c4
 .bss.hi2c5     0x2400020c       0x54 ./Core/Src/main.o
                0x2400020c                hi2c5
 .bss.hsd2      0x24000260       0x7c ./Core/Src/main.o
                0x24000260                hsd2
 .bss.hspi2     0x240002dc       0x88 ./Core/Src/main.o
                0x240002dc                hspi2
 .bss.htim1     0x24000364       0x4c ./Core/Src/main.o
                0x24000364                htim1
 .bss.htim2     0x240003b0       0x4c ./Core/Src/main.o
                0x240003b0                htim2
 .bss.htim4     0x240003fc       0x4c ./Core/Src/main.o
                0x240003fc                htim4
 .bss.htim17    0x24000448       0x4c ./Core/Src/main.o
                0x24000448                htim17
 .bss.huart4    0x24000494       0x94 ./Core/Src/main.o
                0x24000494                huart4
 .bss.hpcd_USB_OTG_HS
                0x24000528      0x4e4 ./Core/Src/main.o
                0x24000528                hpcd_USB_OTG_HS
 .bss.feedback_test_last_tick_ms
                0x24000a0c        0x4 ./Core/Src/main.o
 .bss.feedback_test_step
                0x24000a10        0x1 ./Core/Src/main.o
 *fill*         0x24000a11        0x3 
 .bss.uwTick    0x24000a14        0x4 ./Drivers/STM32H7xx_HAL_Driver/Src/stm32h7xx_hal.o
                0x24000a14                uwTick
 .bss.retSD     0x24000a18        0x1 ./FATFS/App/fatfs.o
                0x24000a18                retSD
 *fill*         0x24000a19        0x3 
 .bss.SDPath    0x24000a1c        0x4 ./FATFS/App/fatfs.o
                0x24000a1c                SDPath
 .bss.disk      0x24000a20        0xc ./Middlewares/Third_Party/FatFs/src/ff_gen_drv.o
                0x24000a20                disk
 *(COMMON)
                0x24000a2c                        . = ALIGN (0x4)
                0x24000a2c                        _ebss = .
                0x24000a2c                        __bss_end__ = _ebss

._user_heap_stack
                0x24000a2c      0x604 load address 0x0800d35c
                0x24000a30                        . = ALIGN (0x8)
 *fill*         0x24000a2c        0x4 
                [!provide]                        PROVIDE (end = .)
                0x24000a30                        PROVIDE (_end = .)
                0x24000c30                        . = (. + _Min_Heap_Size)
 *fill*         0x24000a30      0x200 
                0x24001030                        . = (. + _Min_Stack_Size)
 *fill*         0x24000c30      0x400 
                0x24001030                        . = ALIGN (0x8)

/DISCARD/
 libc.a(*)
 libm.a(*)
 libgcc.a(*)

.ARM.attributes
                0x00000000       0x2e
 *(.ARM.attributes)
 .ARM.attributes
                0x00000000       0x20 /Applications/STM32CubeIDE.app/Contents/Eclipse/plugins/com.st.stm32cube.ide.mcu.externaltools.gnu-tools-for-stm32.13.3.rel1.macos64_1.0.0.202411102158/tools/bin/../lib/gcc/arm-none-eabi/13.3.1/thumb/v7e-m+dp/hard/crti.o
 .ARM.attributes
                0x00000020       0x32 /Applications/STM32CubeIDE.app/Contents/Eclipse/plugins/com.st.stm32cube.ide.mcu.externaltools.gnu-tools-for-stm32.13.3.rel1.macos64_1.0.0.202411102158/tools/bin/../lib/gcc/arm-none-eabi/13.3.1/thumb/v7e-m+dp/hard/crtbegin.o
 .ARM.attributes
                0x00000052       0x32 ./Core/Src/feedback.o
 .ARM.attributes
                0x00000084       0x32 ./Core/Src/main.o
 .ARM.attributes
                0x000000b6       0x32 ./Core/Src/stm32h7xx_hal_msp.o
 .ARM.attributes
                0x000000e8       0x32 ./Core/Src/stm32h7xx_it.o
 .ARM.attributes
                0x0000011a       0x32 ./Core/Src/system_stm32h7xx.o
 .ARM.attributes
                0x0000014c       0x21 ./Core/Startup/startup_stm32h723vgtx.o
 .ARM.attributes
                0x0000016d       0x32 ./Drivers/STM32H7xx_HAL_Driver/Src/stm32h7xx_hal.o
 .ARM.attributes
                0x0000019f       0x32 ./Drivers/STM32H7xx_HAL_Driver/Src/stm32h7xx_hal_adc.o
 .ARM.attributes
                0x000001d1       0x32 ./Drivers/STM32H7xx_HAL_Driver/Src/stm32h7xx_hal_adc_ex.o
 .ARM.attributes
                0x00000203       0x32 ./Drivers/STM32H7xx_HAL_Driver/Src/stm32h7xx_hal_cortex.o
 .ARM.attributes
                0x00000235       0x32 ./Drivers/STM32H7xx_HAL_Driver/Src/stm32h7xx_hal_gpio.o
 .ARM.attributes
                0x00000267       0x32 ./Drivers/STM32H7xx_HAL_Driver/Src/stm32h7xx_hal_i2c.o
 .ARM.attributes
                0x00000299       0x32 ./Drivers/STM32H7xx_HAL_Driver/Src/stm32h7xx_hal_i2c_ex.o
 .ARM.attributes
                0x000002cb       0x32 ./Drivers/STM32H7xx_HAL_Driver/Src/stm32h7xx_hal_pcd.o
 .ARM.attributes
                0x000002fd       0x32 ./Drivers/STM32H7xx_HAL_Driver/Src/stm32h7xx_hal_pcd_ex.o
 .ARM.attributes
                0x0000032f       0x32 ./Drivers/STM32H7xx_HAL_Driver/Src/stm32h7xx_hal_pwr_ex.o
 .ARM.attributes
                0x00000361       0x32 ./Drivers/STM32H7xx_HAL_Driver/Src/stm32h7xx_hal_rcc.o
 .ARM.attributes
                0x00000393       0x32 ./Drivers/STM32H7xx_HAL_Driver/Src/stm32h7xx_hal_rcc_ex.o
 .ARM.attributes
                0x000003c5       0x32 ./Drivers/STM32H7xx_HAL_Driver/Src/stm32h7xx_hal_sd.o
 .ARM.attributes
                0x000003f7       0x32 ./Drivers/STM32H7xx_HAL_Driver/Src/stm32h7xx_hal_spi.o
 .ARM.attributes
                0x00000429       0x32 ./Drivers/STM32H7xx_HAL_Driver/Src/stm32h7xx_hal_tim.o
 .ARM.attributes
                0x0000045b       0x32 ./Drivers/STM32H7xx_HAL_Driver/Src/stm32h7xx_hal_tim_ex.o
 .ARM.attributes
                0x0000048d       0x32 ./Drivers/STM32H7xx_HAL_Driver/Src/stm32h7xx_hal_uart.o
 .ARM.attributes
                0x000004bf       0x32 ./Drivers/STM32H7xx_HAL_Driver/Src/stm32h7xx_hal_uart_ex.o
 .ARM.attributes
                0x000004f1       0x32 ./Drivers/STM32H7xx_HAL_Driver/Src/stm32h7xx_ll_sdmmc.o
 .ARM.attributes
                0x00000523       0x32 ./Drivers/STM32H7xx_HAL_Driver/Src/stm32h7xx_ll_usb.o
 .ARM.attributes
                0x00000555       0x32 ./FATFS/App/fatfs.o
 .ARM.attributes
                0x00000587       0x32 ./FATFS/Target/bsp_driver_sd.o
 .ARM.attributes
                0x000005b9       0x32 ./FATFS/Target/fatfs_platform.o
 .ARM.attributes
                0x000005eb       0x32 ./FATFS/Target/sd_diskio.o
 .ARM.attributes
                0x0000061d       0x32 ./Middlewares/Third_Party/FatFs/src/ff_gen_drv.o
 .ARM.attributes
                0x0000064f       0x32 /Applications/STM32CubeIDE.app/Contents/Eclipse/plugins/com.st.stm32cube.ide.mcu.externaltools.gnu-tools-for-stm32.13.3.rel1.macos64_1.0.0.202411102158/tools/bin/../lib/gcc/arm-none-eabi/13.3.1/../../../../arm-none-eabi/lib/thumb/v7e-m+dp/hard/libc_nano.a(libc_a-memset.o)
 .ARM.attributes
                0x00000681       0x32 /Applications/STM32CubeIDE.app/Contents/Eclipse/plugins/com.st.stm32cube.ide.mcu.externaltools.gnu-tools-for-stm32.13.3.rel1.macos64_1.0.0.202411102158/tools/bin/../lib/gcc/arm-none-eabi/13.3.1/../../../../arm-none-eabi/lib/thumb/v7e-m+dp/hard/libc_nano.a(libc_a-init.o)
 .ARM.attributes
                0x000006b3       0x20 /Applications/STM32CubeIDE.app/Contents/Eclipse/plugins/com.st.stm32cube.ide.mcu.externaltools.gnu-tools-for-stm32.13.3.rel1.macos64_1.0.0.202411102158/tools/bin/../lib/gcc/arm-none-eabi/13.3.1/thumb/v7e-m+dp/hard/libgcc.a(_aeabi_uldivmod.o)
 .ARM.attributes
                0x000006d3       0x32 /Applications/STM32CubeIDE.app/Contents/Eclipse/plugins/com.st.stm32cube.ide.mcu.externaltools.gnu-tools-for-stm32.13.3.rel1.macos64_1.0.0.202411102158/tools/bin/../lib/gcc/arm-none-eabi/13.3.1/thumb/v7e-m+dp/hard/libgcc.a(_udivmoddi4.o)
 .ARM.attributes
                0x00000705       0x20 /Applications/STM32CubeIDE.app/Contents/Eclipse/plugins/com.st.stm32cube.ide.mcu.externaltools.gnu-tools-for-stm32.13.3.rel1.macos64_1.0.0.202411102158/tools/bin/../lib/gcc/arm-none-eabi/13.3.1/thumb/v7e-m+dp/hard/libgcc.a(_dvmd_tls.o)
 .ARM.attributes
                0x00000725       0x20 /Applications/STM32CubeIDE.app/Contents/Eclipse/plugins/com.st.stm32cube.ide.mcu.externaltools.gnu-tools-for-stm32.13.3.rel1.macos64_1.0.0.202411102158/tools/bin/../lib/gcc/arm-none-eabi/13.3.1/thumb/v7e-m+dp/hard/crtn.o
OUTPUT(Padparadscha_Borard.elf elf32-littlearm)
LOAD linker stubs
LOAD /Applications/STM32CubeIDE.app/Contents/Eclipse/plugins/com.st.stm32cube.ide.mcu.externaltools.gnu-tools-for-stm32.13.3.rel1.macos64_1.0.0.202411102158/tools/bin/../lib/gcc/arm-none-eabi/13.3.1/../../../../arm-none-eabi/lib/thumb/v7e-m+dp/hard/libc.a
LOAD /Applications/STM32CubeIDE.app/Contents/Eclipse/plugins/com.st.stm32cube.ide.mcu.externaltools.gnu-tools-for-stm32.13.3.rel1.macos64_1.0.0.202411102158/tools/bin/../lib/gcc/arm-none-eabi/13.3.1/../../../../arm-none-eabi/lib/thumb/v7e-m+dp/hard/libm.a
LOAD /Applications/STM32CubeIDE.app/Contents/Eclipse/plugins/com.st.stm32cube.ide.mcu.externaltools.gnu-tools-for-stm32.13.3.rel1.macos64_1.0.0.202411102158/tools/bin/../lib/gcc/arm-none-eabi/13.3.1/thumb/v7e-m+dp/hard/libgcc.a

.debug_info     0x00000000    0x28740
 .debug_info    0x00000000      0xf18 ./Core/Src/feedback.o
 .debug_info    0x00000f18     0x3350 ./Core/Src/main.o
 .debug_info    0x00004268     0x2d48 ./Core/Src/stm32h7xx_hal_msp.o
 .debug_info    0x00006fb0      0x128 ./Core/Src/stm32h7xx_it.o
 .debug_info    0x000070d8      0xbf0 ./Core/Src/system_stm32h7xx.o
 .debug_info    0x00007cc8       0x30 ./Core/Startup/startup_stm32h723vgtx.o
 .debug_info    0x00007cf8     0x1698 ./Drivers/STM32H7xx_HAL_Driver/Src/stm32h7xx_hal.o
 .debug_info    0x00009390     0x2320 ./Drivers/STM32H7xx_HAL_Driver/Src/stm32h7xx_hal_adc.o
 .debug_info    0x0000b6b0     0x22fa ./Drivers/STM32H7xx_HAL_Driver/Src/stm32h7xx_hal_adc_ex.o
 .debug_info    0x0000d9aa     0x10a5 ./Drivers/STM32H7xx_HAL_Driver/Src/stm32h7xx_hal_cortex.o
 .debug_info    0x0000ea4f      0xc6b ./Drivers/STM32H7xx_HAL_Driver/Src/stm32h7xx_hal_gpio.o
 .debug_info    0x0000f6ba     0x22c9 ./Drivers/STM32H7xx_HAL_Driver/Src/stm32h7xx_hal_i2c.o
 .debug_info    0x00011983      0xd95 ./Drivers/STM32H7xx_HAL_Driver/Src/stm32h7xx_hal_i2c_ex.o
 .debug_info    0x00012718     0x1561 ./Drivers/STM32H7xx_HAL_Driver/Src/stm32h7xx_hal_pcd.o
 .debug_info    0x00013c79      0x8b3 ./Drivers/STM32H7xx_HAL_Driver/Src/stm32h7xx_hal_pcd_ex.o
 .debug_info    0x0001452c      0xdce ./Drivers/STM32H7xx_HAL_Driver/Src/stm32h7xx_hal_pwr_ex.o
 .debug_info    0x000152fa      0xd82 ./Drivers/STM32H7xx_HAL_Driver/Src/stm32h7xx_hal_rcc.o
 .debug_info    0x0001607c     0x120b ./Drivers/STM32H7xx_HAL_Driver/Src/stm32h7xx_hal_rcc_ex.o
 .debug_info    0x00017287     0x1a93 ./Drivers/STM32H7xx_HAL_Driver/Src/stm32h7xx_hal_sd.o
 .debug_info    0x00018d1a     0x144a ./Drivers/STM32H7xx_HAL_Driver/Src/stm32h7xx_hal_spi.o
 .debug_info    0x0001a164     0x2bae ./Drivers/STM32H7xx_HAL_Driver/Src/stm32h7xx_hal_tim.o
 .debug_info    0x0001cd12     0x18c1 ./Drivers/STM32H7xx_HAL_Driver/Src/stm32h7xx_hal_tim_ex.o
 .debug_info    0x0001e5d3     0x4b1d ./Drivers/STM32H7xx_HAL_Driver/Src/stm32h7xx_hal_uart.o
 .debug_info    0x000230f0      0xfbf ./Drivers/STM32H7xx_HAL_Driver/Src/stm32h7xx_hal_uart_ex.o
 .debug_info    0x000240af     0x142c ./Drivers/STM32H7xx_HAL_Driver/Src/stm32h7xx_ll_sdmmc.o
 .debug_info    0x000254db     0x1a1e ./Drivers/STM32H7xx_HAL_Driver/Src/stm32h7xx_ll_usb.o
 .debug_info    0x00026ef9      0x4ff ./FATFS/App/fatfs.o
 .debug_info    0x000273f8      0x8e9 ./FATFS/Target/bsp_driver_sd.o
 .debug_info    0x00027ce1      0x1e7 ./FATFS/Target/fatfs_platform.o
 .debug_info    0x00027ec8      0x4d3 ./FATFS/Target/sd_diskio.o
 .debug_info    0x0002839b      0x3a5 ./Middlewares/Third_Party/FatFs/src/ff_gen_drv.o

.debug_abbrev   0x00000000     0x46dd
 .debug_abbrev  0x00000000      0x2c4 ./Core/Src/feedback.o
 .debug_abbrev  0x000002c4      0x31a ./Core/Src/main.o
 .debug_abbrev  0x000005de      0x2cc ./Core/Src/stm32h7xx_hal_msp.o
 .debug_abbrev  0x000008aa       0x73 ./Core/Src/stm32h7xx_it.o
 .debug_abbrev  0x0000091d      0x153 ./Core/Src/system_stm32h7xx.o
 .debug_abbrev  0x00000a70       0x24 ./Core/Startup/startup_stm32h723vgtx.o
 .debug_abbrev  0x00000a94      0x29e ./Drivers/STM32H7xx_HAL_Driver/Src/stm32h7xx_hal.o
 .debug_abbrev  0x00000d32      0x307 ./Drivers/STM32H7xx_HAL_Driver/Src/stm32h7xx_hal_adc.o
 .debug_abbrev  0x00001039      0x345 ./Drivers/STM32H7xx_HAL_Driver/Src/stm32h7xx_hal_adc_ex.o
 .debug_abbrev  0x0000137e      0x339 ./Drivers/STM32H7xx_HAL_Driver/Src/stm32h7xx_hal_cortex.o
 .debug_abbrev  0x000016b7      0x205 ./Drivers/STM32H7xx_HAL_Driver/Src/stm32h7xx_hal_gpio.o
 .debug_abbrev  0x000018bc      0x25d ./Drivers/STM32H7xx_HAL_Driver/Src/stm32h7xx_hal_i2c.o
 .debug_abbrev  0x00001b19      0x1f5 ./Drivers/STM32H7xx_HAL_Driver/Src/stm32h7xx_hal_i2c_ex.o
 .debug_abbrev  0x00001d0e      0x2dc ./Drivers/STM32H7xx_HAL_Driver/Src/stm32h7xx_hal_pcd.o
 .debug_abbrev  0x00001fea      0x256 ./Drivers/STM32H7xx_HAL_Driver/Src/stm32h7xx_hal_pcd_ex.o
 .debug_abbrev  0x00002240      0x295 ./Drivers/STM32H7xx_HAL_Driver/Src/stm32h7xx_hal_pwr_ex.o
 .debug_abbrev  0x000024d5      0x2b1 ./Drivers/STM32H7xx_HAL_Driver/Src/stm32h7xx_hal_rcc.o
 .debug_abbrev  0x00002786      0x269 ./Drivers/STM32H7xx_HAL_Driver/Src/stm32h7xx_hal_rcc_ex.o
 .debug_abbrev  0x000029ef      0x26b ./Drivers/STM32H7xx_HAL_Driver/Src/stm32h7xx_hal_sd.o
 .debug_abbrev  0x00002c5a      0x2b1 ./Drivers/STM32H7xx_HAL_Driver/Src/stm32h7xx_hal_spi.o
 .debug_abbrev  0x00002f0b      0x276 ./Drivers/STM32H7xx_HAL_Driver/Src/stm32h7xx_hal_tim.o
 .debug_abbrev  0x00003181      0x296 ./Drivers/STM32H7xx_HAL_Driver/Src/stm32h7xx_hal_tim_ex.o
 .debug_abbrev  0x00003417      0x33d ./Drivers/STM32H7xx_HAL_Driver/Src/stm32h7xx_hal_uart.o
 .debug_abbrev  0x00003754      0x2d2 ./Drivers/STM32H7xx_HAL_Driver/Src/stm32h7xx_hal_uart_ex.o
 .debug_abbrev  0x00003a26      0x206 ./Drivers/STM32H7xx_HAL_Driver/Src/stm32h7xx_ll_sdmmc.o
 .debug_abbrev  0x00003c2c      0x2b3 ./Drivers/STM32H7xx_HAL_Driver/Src/stm32h7xx_ll_usb.o
 .debug_abbrev  0x00003edf      0x160 ./FATFS/App/fatfs.o
 .debug_abbrev  0x0000403f      0x260 ./FATFS/Target/bsp_driver_sd.o
 .debug_abbrev  0x0000429f      0x10e ./FATFS/Target/fatfs_platform.o
 .debug_abbrev  0x000043ad      0x191 ./FATFS/Target/sd_diskio.o
 .debug_abbrev  0x0000453e      0x19f ./Middlewares/Third_Party/FatFs/src/ff_gen_drv.o

.debug_aranges  0x00000000     0x2210
 .debug_aranges
                0x00000000       0xa8 ./Core/Src/feedback.o
 .debug_aranges
                0x000000a8       0xb0 ./Core/Src/main.o
 .debug_aranges
                0x00000158       0xa8 ./Core/Src/stm32h7xx_hal_msp.o
 .debug_aranges
                0x00000200       0x60 ./Core/Src/stm32h7xx_it.o
 .debug_aranges
                0x00000260       0x30 ./Core/Src/system_stm32h7xx.o
 .debug_aranges
                0x00000290       0x28 ./Core/Startup/startup_stm32h723vgtx.o
 .debug_aranges
                0x000002b8      0x1c8 ./Drivers/STM32H7xx_HAL_Driver/Src/stm32h7xx_hal.o
 .debug_aranges
                0x00000480      0x268 ./Drivers/STM32H7xx_HAL_Driver/Src/stm32h7xx_hal_adc.o
 .debug_aranges
                0x000006e8      0x1f8 ./Drivers/STM32H7xx_HAL_Driver/Src/stm32h7xx_hal_adc_ex.o
 .debug_aranges
                0x000008e0      0x130 ./Drivers/STM32H7xx_HAL_Driver/Src/stm32h7xx_hal_cortex.o
 .debug_aranges
                0x00000a10       0x58 ./Drivers/STM32H7xx_HAL_Driver/Src/stm32h7xx_hal_gpio.o
 .debug_aranges
                0x00000a68      0x2a0 ./Drivers/STM32H7xx_HAL_Driver/Src/stm32h7xx_hal_i2c.o
 .debug_aranges
                0x00000d08       0x48 ./Drivers/STM32H7xx_HAL_Driver/Src/stm32h7xx_hal_i2c_ex.o
 .debug_aranges
                0x00000d50      0x140 ./Drivers/STM32H7xx_HAL_Driver/Src/stm32h7xx_hal_pcd.o
 .debug_aranges
                0x00000e90       0x60 ./Drivers/STM32H7xx_HAL_Driver/Src/stm32h7xx_hal_pcd_ex.o
 .debug_aranges
                0x00000ef0      0x148 ./Drivers/STM32H7xx_HAL_Driver/Src/stm32h7xx_hal_pwr_ex.o
 .debug_aranges
                0x00001038       0x88 ./Drivers/STM32H7xx_HAL_Driver/Src/stm32h7xx_hal_rcc.o
 .debug_aranges
                0x000010c0       0xf8 ./Drivers/STM32H7xx_HAL_Driver/Src/stm32h7xx_hal_rcc_ex.o
 .debug_aranges
                0x000011b8      0x170 ./Drivers/STM32H7xx_HAL_Driver/Src/stm32h7xx_hal_sd.o
 .debug_aranges
                0x00001328      0x1a8 ./Drivers/STM32H7xx_HAL_Driver/Src/stm32h7xx_hal_spi.o
 .debug_aranges
                0x000014d0      0x3e0 ./Drivers/STM32H7xx_HAL_Driver/Src/stm32h7xx_hal_tim.o
 .debug_aranges
                0x000018b0      0x198 ./Drivers/STM32H7xx_HAL_Driver/Src/stm32h7xx_hal_tim_ex.o
 .debug_aranges
                0x00001a48      0x248 ./Drivers/STM32H7xx_HAL_Driver/Src/stm32h7xx_hal_uart.o
 .debug_aranges
                0x00001c90       0xa8 ./Drivers/STM32H7xx_HAL_Driver/Src/stm32h7xx_hal_uart_ex.o
 .debug_aranges
                0x00001d38      0x1d0 ./Drivers/STM32H7xx_HAL_Driver/Src/stm32h7xx_ll_sdmmc.o
 .debug_aranges
                0x00001f08      0x1a0 ./Drivers/STM32H7xx_HAL_Driver/Src/stm32h7xx_ll_usb.o
 .debug_aranges
                0x000020a8       0x28 ./FATFS/App/fatfs.o
 .debug_aranges
                0x000020d0       0x98 ./FATFS/Target/bsp_driver_sd.o
 .debug_aranges
                0x00002168       0x20 ./FATFS/Target/fatfs_platform.o
 .debug_aranges
                0x00002188       0x48 ./FATFS/Target/sd_diskio.o
 .debug_aranges
                0x000021d0       0x40 ./Middlewares/Third_Party/FatFs/src/ff_gen_drv.o

.debug_rnglists
                0x00000000     0x1a8f
 .debug_rnglists
                0x00000000       0x7d ./Core/Src/feedback.o
 .debug_rnglists
                0x0000007d       0x8e ./Core/Src/main.o
 .debug_rnglists
                0x0000010b       0x81 ./Core/Src/stm32h7xx_hal_msp.o
 .debug_rnglists
                0x0000018c       0x43 ./Core/Src/stm32h7xx_it.o
 .debug_rnglists
                0x000001cf       0x21 ./Core/Src/system_stm32h7xx.o
 .debug_rnglists
                0x000001f0       0x19 ./Core/Startup/startup_stm32h723vgtx.o
 .debug_rnglists
                0x00000209      0x155 ./Drivers/STM32H7xx_HAL_Driver/Src/stm32h7xx_hal.o
 .debug_rnglists
                0x0000035e      0x1db ./Drivers/STM32H7xx_HAL_Driver/Src/stm32h7xx_hal_adc.o
 .debug_rnglists
                0x00000539      0x188 ./Drivers/STM32H7xx_HAL_Driver/Src/stm32h7xx_hal_adc_ex.o
 .debug_rnglists
                0x000006c1       0xe0 ./Drivers/STM32H7xx_HAL_Driver/Src/stm32h7xx_hal_cortex.o
 .debug_rnglists
                0x000007a1       0x3f ./Drivers/STM32H7xx_HAL_Driver/Src/stm32h7xx_hal_gpio.o
 .debug_rnglists
                0x000007e0      0x22a ./Drivers/STM32H7xx_HAL_Driver/Src/stm32h7xx_hal_i2c.o
 .debug_rnglists
                0x00000a0a       0x35 ./Drivers/STM32H7xx_HAL_Driver/Src/stm32h7xx_hal_i2c_ex.o
 .debug_rnglists
                0x00000a3f       0xf4 ./Drivers/STM32H7xx_HAL_Driver/Src/stm32h7xx_hal_pcd.o
 .debug_rnglists
                0x00000b33       0x45 ./Drivers/STM32H7xx_HAL_Driver/Src/stm32h7xx_hal_pcd_ex.o
 .debug_rnglists
                0x00000b78       0xf5 ./Drivers/STM32H7xx_HAL_Driver/Src/stm32h7xx_hal_pwr_ex.o
 .debug_rnglists
                0x00000c6d       0x68 ./Drivers/STM32H7xx_HAL_Driver/Src/stm32h7xx_hal_rcc.o
 .debug_rnglists
                0x00000cd5       0xc0 ./Drivers/STM32H7xx_HAL_Driver/Src/stm32h7xx_hal_rcc_ex.o
 .debug_rnglists
                0x00000d95      0x128 ./Drivers/STM32H7xx_HAL_Driver/Src/stm32h7xx_hal_sd.o
 .debug_rnglists
                0x00000ebd      0x148 ./Drivers/STM32H7xx_HAL_Driver/Src/stm32h7xx_hal_spi.o
 .debug_rnglists
                0x00001005      0x328 ./Drivers/STM32H7xx_HAL_Driver/Src/stm32h7xx_hal_tim.o
 .debug_rnglists
                0x0000132d      0x14d ./Drivers/STM32H7xx_HAL_Driver/Src/stm32h7xx_hal_tim_ex.o
 .debug_rnglists
                0x0000147a      0x1fa ./Drivers/STM32H7xx_HAL_Driver/Src/stm32h7xx_hal_uart.o
 .debug_rnglists
                0x00001674       0x7f ./Drivers/STM32H7xx_HAL_Driver/Src/stm32h7xx_hal_uart_ex.o
 .debug_rnglists
                0x000016f3      0x15e ./Drivers/STM32H7xx_HAL_Driver/Src/stm32h7xx_ll_sdmmc.o
 .debug_rnglists
                0x00001851      0x147 ./Drivers/STM32H7xx_HAL_Driver/Src/stm32h7xx_ll_usb.o
 .debug_rnglists
                0x00001998       0x19 ./FATFS/App/fatfs.o
 .debug_rnglists
                0x000019b1       0x6d ./FATFS/Target/bsp_driver_sd.o
 .debug_rnglists
                0x00001a1e       0x13 ./FATFS/Target/fatfs_platform.o
 .debug_rnglists
                0x00001a31       0x32 ./FATFS/Target/sd_diskio.o
 .debug_rnglists
                0x00001a63       0x2c ./Middlewares/Third_Party/FatFs/src/ff_gen_drv.o

.debug_macro    0x00000000    0x39eda
 .debug_macro   0x00000000      0x36d ./Core/Src/feedback.o
 .debug_macro   0x0000036d      0xaf6 ./Core/Src/feedback.o
 .debug_macro   0x00000e63      0x250 ./Core/Src/feedback.o
 .debug_macro   0x000010b3       0x2e ./Core/Src/feedback.o
 .debug_macro   0x000010e1       0x3b ./Core/Src/feedback.o
 .debug_macro   0x0000111c       0x22 ./Core/Src/feedback.o
 .debug_macro   0x0000113e       0x8e ./Core/Src/feedback.o
 .debug_macro   0x000011cc       0x51 ./Core/Src/feedback.o
 .debug_macro   0x0000121d      0x103 ./Core/Src/feedback.o
 .debug_macro   0x00001320       0x6a ./Core/Src/feedback.o
 .debug_macro   0x0000138a      0x1df ./Core/Src/feedback.o
 .debug_macro   0x00001569       0x1c ./Core/Src/feedback.o
 .debug_macro   0x00001585       0x22 ./Core/Src/feedback.o
 .debug_macro   0x000015a7       0xfb ./Core/Src/feedback.o
 .debug_macro   0x000016a2     0x1305 ./Core/Src/feedback.o
 .debug_macro   0x000029a7      0x11f ./Core/Src/feedback.o
 .debug_macro   0x00002ac6       0x27 ./Core/Src/feedback.o
 .debug_macro   0x00002aed    0x216c1 ./Core/Src/feedback.o
 .debug_macro   0x000241ae       0x6d ./Core/Src/feedback.o
 .debug_macro   0x0002421b     0x3d64 ./Core/Src/feedback.o
 .debug_macro   0x00027f7f      0x190 ./Core/Src/feedback.o
 .debug_macro   0x0002810f       0x61 ./Core/Src/feedback.o
 .debug_macro   0x00028170       0x29 ./Core/Src/feedback.o
 .debug_macro   0x00028199       0x43 ./Core/Src/feedback.o
 .debug_macro   0x000281dc       0x34 ./Core/Src/feedback.o
 .debug_macro   0x00028210      0x370 ./Core/Src/feedback.o
 .debug_macro   0x00028580       0x16 ./Core/Src/feedback.o
 .debug_macro   0x00028596       0x4a ./Core/Src/feedback.o
 .debug_macro   0x000285e0       0x34 ./Core/Src/feedback.o
 .debug_macro   0x00028614       0x10 ./Core/Src/feedback.o
 .debug_macro   0x00028624       0x58 ./Core/Src/feedback.o
 .debug_macro   0x0002867c       0x8e ./Core/Src/feedback.o
 .debug_macro   0x0002870a       0x1c ./Core/Src/feedback.o
 .debug_macro   0x00028726      0x185 ./Core/Src/feedback.o
 .debug_macro   0x000288ab      0x19b ./Core/Src/feedback.o
 .debug_macro   0x00028a46       0x5d ./Core/Src/feedback.o
 .debug_macro   0x00028aa3     0x2462 ./Core/Src/feedback.o
 .debug_macro   0x0002af05     0x1079 ./Core/Src/feedback.o
 .debug_macro   0x0002bf7e      0x154 ./Core/Src/feedback.o
 .debug_macro   0x0002c0d2      0x114 ./Core/Src/feedback.o
 .debug_macro   0x0002c1e6      0x3fc ./Core/Src/feedback.o
 .debug_macro   0x0002c5e2       0xac ./Core/Src/feedback.o
 .debug_macro   0x0002c68e      0x788 ./Core/Src/feedback.o
 .debug_macro   0x0002ce16      0x228 ./Core/Src/feedback.o
 .debug_macro   0x0002d03e       0x66 ./Core/Src/feedback.o
 .debug_macro   0x0002d0a4      0x3a6 ./Core/Src/feedback.o
 .debug_macro   0x0002d44a      0x3f9 ./Core/Src/feedback.o
 .debug_macro   0x0002d843      0x275 ./Core/Src/feedback.o
 .debug_macro   0x0002dab8     0x1178 ./Core/Src/feedback.o
 .debug_macro   0x0002ec30      0x7c8 ./Core/Src/feedback.o
 .debug_macro   0x0002f3f8      0x3bb ./Core/Src/feedback.o
 .debug_macro   0x0002f7b3      0x3ca ./Core/Src/feedback.o
 .debug_macro   0x0002fb7d      0x45c ./Core/Src/feedback.o
 .debug_macro   0x0002ffd9       0x3c ./Core/Src/feedback.o
 .debug_macro   0x00030015       0x4a ./Core/Src/feedback.o
 .debug_macro   0x0003005f      0x22c ./Core/Src/feedback.o
 .debug_macro   0x0003028b       0x67 ./Core/Src/feedback.o
 .debug_macro   0x000302f2       0xa5 ./Core/Src/feedback.o
 .debug_macro   0x00030397      0x1c4 ./Core/Src/feedback.o
 .debug_macro   0x0003055b      0x22a ./Core/Src/feedback.o
 .debug_macro   0x00030785       0x35 ./Core/Src/feedback.o
 .debug_macro   0x000307ba      0xa0c ./Core/Src/feedback.o
 .debug_macro   0x000311c6       0x16 ./Core/Src/feedback.o
 .debug_macro   0x000311dc      0x1ce ./Core/Src/feedback.o
 .debug_macro   0x000313aa      0x5e4 ./Core/Src/feedback.o
 .debug_macro   0x0003198e       0xc1 ./Core/Src/feedback.o
 .debug_macro   0x00031a4f      0xb24 ./Core/Src/feedback.o
 .debug_macro   0x00032573      0x29f ./Core/Src/feedback.o
 .debug_macro   0x00032812      0x693 ./Core/Src/feedback.o
 .debug_macro   0x00032ea5       0xa6 ./Core/Src/feedback.o
 .debug_macro   0x00032f4b      0x293 ./Core/Src/feedback.o
 .debug_macro   0x000331de       0x90 ./Core/Src/feedback.o
 .debug_macro   0x0003326e      0x5f2 ./Core/Src/feedback.o
 .debug_macro   0x00033860       0x40 ./Core/Src/feedback.o
 .debug_macro   0x000338a0      0x3f8 ./Core/Src/main.o
 .debug_macro   0x00033c98       0x1c ./Core/Src/main.o
 .debug_macro   0x00033cb4       0x40 ./Core/Src/main.o
 .debug_macro   0x00033cf4       0xe5 ./Core/Src/main.o
 .debug_macro   0x00033dd9       0x16 ./Core/Src/main.o
 .debug_macro   0x00033def       0x3c ./Core/Src/main.o
 .debug_macro   0x00033e2b       0x16 ./Core/Src/main.o
 .debug_macro   0x00033e41       0x29 ./Core/Src/main.o
 .debug_macro   0x00033e6a       0x12 ./Core/Src/main.o
 .debug_macro   0x00033e7c       0xe2 ./Core/Src/main.o
 .debug_macro   0x00033f5e       0x8e ./Core/Src/main.o
 .debug_macro   0x00033fec      0x345 ./Core/Src/stm32h7xx_hal_msp.o
 .debug_macro   0x00034331      0x34f ./Core/Src/stm32h7xx_it.o
 .debug_macro   0x00034680      0x336 ./Core/Src/system_stm32h7xx.o
 .debug_macro   0x000349b6      0x360 ./Drivers/STM32H7xx_HAL_Driver/Src/stm32h7xx_hal.o
 .debug_macro   0x00034d16      0x361 ./Drivers/STM32H7xx_HAL_Driver/Src/stm32h7xx_hal_adc.o
 .debug_macro   0x00035077      0x342 ./Drivers/STM32H7xx_HAL_Driver/Src/stm32h7xx_hal_adc_ex.o
 .debug_macro   0x000353b9      0x336 ./Drivers/STM32H7xx_HAL_Driver/Src/stm32h7xx_hal_cortex.o
 .debug_macro   0x000356ef      0x33d ./Drivers/STM32H7xx_HAL_Driver/Src/stm32h7xx_hal_gpio.o
 .debug_macro   0x00035a2c      0x402 ./Drivers/STM32H7xx_HAL_Driver/Src/stm32h7xx_hal_i2c.o
 .debug_macro   0x00035e2e      0x336 ./Drivers/STM32H7xx_HAL_Driver/Src/stm32h7xx_hal_i2c_ex.o
 .debug_macro   0x00036164      0x342 ./Drivers/STM32H7xx_HAL_Driver/Src/stm32h7xx_hal_pcd.o
 .debug_macro   0x000364a6      0x336 ./Drivers/STM32H7xx_HAL_Driver/Src/stm32h7xx_hal_pcd_ex.o
 .debug_macro   0x000367dc      0x36f ./Drivers/STM32H7xx_HAL_Driver/Src/stm32h7xx_hal_pwr_ex.o
 .debug_macro   0x00036b4b      0x35a ./Drivers/STM32H7xx_HAL_Driver/Src/stm32h7xx_hal_rcc.o
 .debug_macro   0x00036ea5      0x354 ./Drivers/STM32H7xx_HAL_Driver/Src/stm32h7xx_hal_rcc_ex.o
 .debug_macro   0x000371f9      0x353 ./Drivers/STM32H7xx_HAL_Driver/Src/stm32h7xx_hal_sd.o
 .debug_macro   0x0003754c      0x33e ./Drivers/STM32H7xx_HAL_Driver/Src/stm32h7xx_hal_spi.o
 .debug_macro   0x0003788a      0x337 ./Drivers/STM32H7xx_HAL_Driver/Src/stm32h7xx_hal_tim.o
 .debug_macro   0x00037bc1      0x33c ./Drivers/STM32H7xx_HAL_Driver/Src/stm32h7xx_hal_tim_ex.o
 .debug_macro   0x00037efd      0x361 ./Drivers/STM32H7xx_HAL_Driver/Src/stm32h7xx_hal_uart.o
 .debug_macro   0x0003825e      0x342 ./Drivers/STM32H7xx_HAL_Driver/Src/stm32h7xx_hal_uart_ex.o
 .debug_macro   0x000385a0      0x337 ./Drivers/STM32H7xx_HAL_Driver/Src/stm32h7xx_ll_sdmmc.o
 .debug_macro   0x000388d7      0x336 ./Drivers/STM32H7xx_HAL_Driver/Src/stm32h7xx_ll_usb.o
 .debug_macro   0x00038c0d      0x3ea ./FATFS/App/fatfs.o
 .debug_macro   0x00038ff7      0x34e ./FATFS/Target/bsp_driver_sd.o
 .debug_macro   0x00039345      0x33f ./FATFS/Target/fatfs_platform.o
 .debug_macro   0x00039684      0x3ed ./FATFS/Target/sd_diskio.o
 .debug_macro   0x00039a71       0x16 ./FATFS/Target/sd_diskio.o
 .debug_macro   0x00039a87       0x7c ./FATFS/Target/sd_diskio.o
 .debug_macro   0x00039b03      0x3d7 ./Middlewares/Third_Party/FatFs/src/ff_gen_drv.o

.debug_line     0x00000000    0x2c483
 .debug_line    0x00000000      0xdb7 ./Core/Src/feedback.o
 .debug_line    0x00000db7     0x119a ./Core/Src/main.o
 .debug_line    0x00001f51      0xe48 ./Core/Src/stm32h7xx_hal_msp.o
 .debug_line    0x00002d99      0xa45 ./Core/Src/stm32h7xx_it.o
 .debug_line    0x000037de      0xb8a ./Core/Src/system_stm32h7xx.o
 .debug_line    0x00004368       0x7b ./Core/Startup/startup_stm32h723vgtx.o
 .debug_line    0x000043e3      0xfff ./Drivers/STM32H7xx_HAL_Driver/Src/stm32h7xx_hal.o
 .debug_line    0x000053e2     0x2892 ./Drivers/STM32H7xx_HAL_Driver/Src/stm32h7xx_hal_adc.o
 .debug_line    0x00007c74     0x2321 ./Drivers/STM32H7xx_HAL_Driver/Src/stm32h7xx_hal_adc_ex.o
 .debug_line    0x00009f95      0xf58 ./Drivers/STM32H7xx_HAL_Driver/Src/stm32h7xx_hal_cortex.o
 .debug_line    0x0000aeed      0xde3 ./Drivers/STM32H7xx_HAL_Driver/Src/stm32h7xx_hal_gpio.o
 .debug_line    0x0000bcd0     0x3ce5 ./Drivers/STM32H7xx_HAL_Driver/Src/stm32h7xx_hal_i2c.o
 .debug_line    0x0000f9b5      0xafc ./Drivers/STM32H7xx_HAL_Driver/Src/stm32h7xx_hal_i2c_ex.o
 .debug_line    0x000104b1     0x16d6 ./Drivers/STM32H7xx_HAL_Driver/Src/stm32h7xx_hal_pcd.o
 .debug_line    0x00011b87      0xb9c ./Drivers/STM32H7xx_HAL_Driver/Src/stm32h7xx_hal_pcd_ex.o
 .debug_line    0x00012723     0x103d ./Drivers/STM32H7xx_HAL_Driver/Src/stm32h7xx_hal_pwr_ex.o
 .debug_line    0x00013760     0x157c ./Drivers/STM32H7xx_HAL_Driver/Src/stm32h7xx_hal_rcc.o
 .debug_line    0x00014cdc     0x1e30 ./Drivers/STM32H7xx_HAL_Driver/Src/stm32h7xx_hal_rcc_ex.o
 .debug_line    0x00016b0c     0x2272 ./Drivers/STM32H7xx_HAL_Driver/Src/stm32h7xx_hal_sd.o
 .debug_line    0x00018d7e     0x2300 ./Drivers/STM32H7xx_HAL_Driver/Src/stm32h7xx_hal_spi.o
 .debug_line    0x0001b07e     0x414e ./Drivers/STM32H7xx_HAL_Driver/Src/stm32h7xx_hal_tim.o
 .debug_line    0x0001f1cc     0x1f8c ./Drivers/STM32H7xx_HAL_Driver/Src/stm32h7xx_hal_tim_ex.o
 .debug_line    0x00021158     0x3a62 ./Drivers/STM32H7xx_HAL_Driver/Src/stm32h7xx_hal_uart.o
 .debug_line    0x00024bba      0xf04 ./Drivers/STM32H7xx_HAL_Driver/Src/stm32h7xx_hal_uart_ex.o
 .debug_line    0x00025abe     0x13fb ./Drivers/STM32H7xx_HAL_Driver/Src/stm32h7xx_ll_sdmmc.o
 .debug_line    0x00026eb9     0x1f8a ./Drivers/STM32H7xx_HAL_Driver/Src/stm32h7xx_ll_usb.o
 .debug_line    0x00028e43      0xa7f ./FATFS/App/fatfs.o
 .debug_line    0x000298c2      0xb95 ./FATFS/Target/bsp_driver_sd.o
 .debug_line    0x0002a457      0x9b0 ./FATFS/Target/fatfs_platform.o
 .debug_line    0x0002ae07      0xb72 ./FATFS/Target/sd_diskio.o
 .debug_line    0x0002b979      0xb0a ./Middlewares/Third_Party/FatFs/src/ff_gen_drv.o

.debug_str      0x00000000   0x172541
 .debug_str     0x00000000   0x172541 ./Core/Src/feedback.o
                             0x16787d (size before relaxing)
 .debug_str     0x00172541   0x169ae7 ./Core/Src/main.o
 .debug_str     0x00172541   0x168941 ./Core/Src/stm32h7xx_hal_msp.o
 .debug_str     0x00172541   0x166b70 ./Core/Src/stm32h7xx_it.o
 .debug_str     0x00172541   0x166f12 ./Core/Src/system_stm32h7xx.o
 .debug_str     0x00172541       0x80 ./Core/Startup/startup_stm32h723vgtx.o
 .debug_str     0x00172541   0x167f5d ./Drivers/STM32H7xx_HAL_Driver/Src/stm32h7xx_hal.o
 .debug_str     0x00172541   0x167f82 ./Drivers/STM32H7xx_HAL_Driver/Src/stm32h7xx_hal_adc.o
 .debug_str     0x00172541   0x167ea2 ./Drivers/STM32H7xx_HAL_Driver/Src/stm32h7xx_hal_adc_ex.o
 .debug_str     0x00172541   0x167877 ./Drivers/STM32H7xx_HAL_Driver/Src/stm32h7xx_hal_cortex.o
 .debug_str     0x00172541   0x166f1e ./Drivers/STM32H7xx_HAL_Driver/Src/stm32h7xx_hal_gpio.o
 .debug_str     0x00172541   0x167fbd ./Drivers/STM32H7xx_HAL_Driver/Src/stm32h7xx_hal_i2c.o
 .debug_str     0x00172541   0x167363 ./Drivers/STM32H7xx_HAL_Driver/Src/stm32h7xx_hal_i2c_ex.o
 .debug_str     0x00172541   0x1676d0 ./Drivers/STM32H7xx_HAL_Driver/Src/stm32h7xx_hal_pcd.o
 .debug_str     0x00172541   0x16706e ./Drivers/STM32H7xx_HAL_Driver/Src/stm32h7xx_hal_pcd_ex.o
 .debug_str     0x00172541   0x167326 ./Drivers/STM32H7xx_HAL_Driver/Src/stm32h7xx_hal_pwr_ex.o
 .debug_str     0x00172541   0x1672a1 ./Drivers/STM32H7xx_HAL_Driver/Src/stm32h7xx_hal_rcc.o
 .debug_str     0x00172541   0x1677b9 ./Drivers/STM32H7xx_HAL_Driver/Src/stm32h7xx_hal_rcc_ex.o
 .debug_str     0x00172541   0x1678fb ./Drivers/STM32H7xx_HAL_Driver/Src/stm32h7xx_hal_sd.o
 .debug_str     0x00172541   0x167624 ./Drivers/STM32H7xx_HAL_Driver/Src/stm32h7xx_hal_spi.o
 .debug_str     0x00172541   0x16809f ./Drivers/STM32H7xx_HAL_Driver/Src/stm32h7xx_hal_tim.o
 .debug_str     0x00172541   0x167a4c ./Drivers/STM32H7xx_HAL_Driver/Src/stm32h7xx_hal_tim_ex.o
 .debug_str     0x00172541   0x167e41 ./Drivers/STM32H7xx_HAL_Driver/Src/stm32h7xx_hal_uart.o
 .debug_str     0x00172541   0x167401 ./Drivers/STM32H7xx_HAL_Driver/Src/stm32h7xx_hal_uart_ex.o
 .debug_str     0x00172541   0x167181 ./Drivers/STM32H7xx_HAL_Driver/Src/stm32h7xx_ll_sdmmc.o
 .debug_str     0x00172541   0x1675ca ./Drivers/STM32H7xx_HAL_Driver/Src/stm32h7xx_ll_usb.o
 .debug_str     0x00172541   0x167556 ./FATFS/App/fatfs.o
 .debug_str     0x00172541   0x167114 ./FATFS/Target/bsp_driver_sd.o
 .debug_str     0x00172541   0x166b11 ./FATFS/Target/fatfs_platform.o
 .debug_str     0x00172541   0x167594 ./FATFS/Target/sd_diskio.o