../Core/Src/feedback.c:120:6:Feedback_Init	24	static
../Core/Src/feedback.c:147:6:Feedback_Update	16	static
../Core/Src/feedback.c:167:6:Feedback_SetColor	32	static
../Core/Src/feedback.c:186:6:Feedback_SetRGB	24	static
../Core/Src/feedback.c:206:15:Feedback_GetRGB	16	static
../Core/Src/feedback.c:211:6:Feedback_PlaySound	16	static
../Core/Src/feedback.c:230:6:Feedback_StopSound	8	static
../Core/Src/feedback.c:244:6:Feedback_TriggerPattern	16	static
../Core/Src/feedback.c:262:6:Feedback_StopPattern	4	static
../Core/Src/feedback.c:269:17:Feedback_ClampBrightness	16	static
../Core/Src/feedback.c:279:13:Feedback_ApplyRgb	24	static
../Core/Src/feedback.c:303:22:Feedback_GetColorRgb	32	static
../Core/Src/feedback.c:362:13:Feedback_SetBuzzerFrequency	24	static
../Core/Src/feedback.c:385:13:Feedback_ApplySoundStep	24	static
../Core/Src/feedback.c:410:13:Feedback_ApplyPatternStep	40	static
../Core/Src/feedback.c:447:34:Feedback_GetSoundSequence	16	static
../Core/Src/feedback.c:475:37:Feedback_GetPatternSequence	16	static
../Core/Src/feedback.c:500:16:Feedback_TimeReached	16	static
