../Core/Src/main.c:103:5:main	7
../Core/Src/main.c:213:6:SystemClock_Config	4
../Core/Src/main.c:273:6:PeriphCommonClock_Config	2
../Core/Src/main.c:303:13:MX_ADC1_Init	4
../Core/Src/main.c:372:13:MX_I2C1_Init	4
../Core/Src/main.c:420:13:MX_I2C2_Init	4
../Core/Src/main.c:468:13:MX_I2C3_Init	4
../Core/Src/main.c:516:13:MX_I2C4_Init	4
../Core/Src/main.c:564:13:MX_I2C5_Init	4
../Core/Src/main.c:612:13:MX_SDMMC2_SD_Init	2
../Core/Src/main.c:643:13:MX_SPI2_Init	2
../Core/Src/main.c:691:13:MX_TIM1_Init	7
../Core/Src/main.c:769:13:MX_TIM2_Init	4
../Core/Src/main.c:818:13:MX_TIM4_Init	4
../Core/Src/main.c:867:13:MX_TIM17_Init	5
../Core/Src/main.c:930:13:MX_UART4_Init	5
../Core/Src/main.c:978:13:MX_USB_OTG_HS_PCD_Init	2
../Core/Src/main.c:1014:13:MX_GPIO_Init	1
../Core/Src/main.c:1067:6:Error_Handler	1
